Archive member included to satisfy reference by file (symbol)

C:\Users\44826\Desktop\Broadcaster-CH592\Broadcaster-CH592\StdPeriphDriver\libISP592.a(ISP583.o)
                              ./StdPeriphDriver/CH59x_flash.o (FLASH_EEPROM_CMD)
C:\Users\44826\Desktop\Broadcaster-CH592\Broadcaster-CH592\LIB\libCH59xBLE.a(message.o)
                              ./HAL/MCU.o (tmos_msg_deallocate)
C:\Users\44826\Desktop\Broadcaster-CH592\Broadcaster-CH592\LIB\libCH59xBLE.a(tmos.o)
                              ./Profile/devinfoservice.o (tmos_memcpy)
C:\Users\44826\Desktop\Broadcaster-CH592\Broadcaster-CH592\LIB\libCH59xBLE.a(tmos_hw.o)
                              C:\Users\44826\Desktop\Broadcaster-CH592\Broadcaster-CH592\LIB\libCH59xBLE.a(tmos.o) (bleClock_t)
C:\Users\44826\Desktop\Broadcaster-CH592\Broadcaster-CH592\LIB\libCH59xBLE.a(tmos_snv.o)
                              C:\Users\44826\Desktop\Broadcaster-CH592\Broadcaster-CH592\LIB\libCH59xBLE.a(tmos.o) (tmos_snv_init)
C:\Users\44826\Desktop\Broadcaster-CH592\Broadcaster-CH592\LIB\libCH59xBLE.a(gap.o)
                              ./APP/broadcaster.o (GAP_SetParamValue)
C:\Users\44826\Desktop\Broadcaster-CH592\Broadcaster-CH592\LIB\libCH59xBLE.a(gap_central.o)
                              C:\Users\44826\Desktop\Broadcaster-CH592\Broadcaster-CH592\LIB\libCH59xBLE.a(gap.o) (gapProcessPeriodicAdvertisingSyncEstablishedEvt)
C:\Users\44826\Desktop\Broadcaster-CH592\Broadcaster-CH592\LIB\libCH59xBLE.a(gap_peripheral.o)
                              ./APP/broadcaster.o (GAP_UpdateAdvertisingData)
C:\Users\44826\Desktop\Broadcaster-CH592\Broadcaster-CH592\LIB\libCH59xBLE.a(gatt_uuid.o)
                              ./Profile/devinfoservice.o (characterUUID)
C:\Users\44826\Desktop\Broadcaster-CH592\Broadcaster-CH592\LIB\libCH59xBLE.a(gattservapp.o)
                              ./Profile/devinfoservice.o (GATTServApp_RegisterService)
C:\Users\44826\Desktop\Broadcaster-CH592\Broadcaster-CH592\LIB\libCH59xBLE.a(l2cap.o)
                              C:\Users\44826\Desktop\Broadcaster-CH592\Broadcaster-CH592\LIB\libCH59xBLE.a(gattservapp.o) (L2CAP_GetMTU)
C:\Users\44826\Desktop\Broadcaster-CH592\Broadcaster-CH592\LIB\libCH59xBLE.a(l2cap_input.o)
                              C:\Users\44826\Desktop\Broadcaster-CH592\Broadcaster-CH592\LIB\libCH59xBLE.a(l2cap.o) (l2capProcessRxData)
C:\Users\44826\Desktop\Broadcaster-CH592\Broadcaster-CH592\LIB\libCH59xBLE.a(l2cap_output.o)
                              C:\Users\44826\Desktop\Broadcaster-CH592\Broadcaster-CH592\LIB\libCH59xBLE.a(l2cap_input.o) (l2capNotifyData)
C:\Users\44826\Desktop\Broadcaster-CH592\Broadcaster-CH592\LIB\libCH59xBLE.a(l2cap_sdu.o)
                              C:\Users\44826\Desktop\Broadcaster-CH592\Broadcaster-CH592\LIB\libCH59xBLE.a(l2cap_input.o) (l2capBuildDisconnectRsp)
C:\Users\44826\Desktop\Broadcaster-CH592\Broadcaster-CH592\LIB\libCH59xBLE.a(linkdb.o)
                              C:\Users\44826\Desktop\Broadcaster-CH592\Broadcaster-CH592\LIB\libCH59xBLE.a(l2cap.o) (linkDB_Init)
C:\Users\44826\Desktop\Broadcaster-CH592\Broadcaster-CH592\LIB\libCH59xBLE.a(sm.o)
                              C:\Users\44826\Desktop\Broadcaster-CH592\Broadcaster-CH592\LIB\libCH59xBLE.a(gap.o) (smFreePairingParams)
C:\Users\44826\Desktop\Broadcaster-CH592\Broadcaster-CH592\LIB\libCH59xBLE.a(sm_initiator.o)
                              C:\Users\44826\Desktop\Broadcaster-CH592\Broadcaster-CH592\LIB\libCH59xBLE.a(sm.o) (smInitiatorSendNextKeyInfo)
C:\Users\44826\Desktop\Broadcaster-CH592\Broadcaster-CH592\LIB\libCH59xBLE.a(sm_pdu.o)
                              C:\Users\44826\Desktop\Broadcaster-CH592\Broadcaster-CH592\LIB\libCH59xBLE.a(sm.o) (smpBuildPairingReq)
C:\Users\44826\Desktop\Broadcaster-CH592\Broadcaster-CH592\LIB\libCH59xBLE.a(sm_responding.o)
                              C:\Users\44826\Desktop\Broadcaster-CH592\Broadcaster-CH592\LIB\libCH59xBLE.a(sm.o) (smResponderSendNextKeyInfo)
C:\Users\44826\Desktop\Broadcaster-CH592\Broadcaster-CH592\LIB\libCH59xBLE.a(sm_toolbox.o)
                              C:\Users\44826\Desktop\Broadcaster-CH592\Broadcaster-CH592\LIB\libCH59xBLE.a(sm.o) (sm_ah)
C:\Users\44826\Desktop\Broadcaster-CH592\Broadcaster-CH592\LIB\libCH59xBLE.a(host_input.o)
                              C:\Users\44826\Desktop\Broadcaster-CH592\Broadcaster-CH592\LIB\libCH59xBLE.a(gap.o) (gBleHostPara)
C:\Users\44826\Desktop\Broadcaster-CH592\Broadcaster-CH592\LIB\libCH59xBLE.a(host_output.o)
                              C:\Users\44826\Desktop\Broadcaster-CH592\Broadcaster-CH592\LIB\libCH59xBLE.a(gap.o) (HCI_DisconnectCmd)
C:\Users\44826\Desktop\Broadcaster-CH592\Broadcaster-CH592\LIB\libCH59xBLE.a(ll_connect.o)
                              C:\Users\44826\Desktop\Broadcaster-CH592\Broadcaster-CH592\LIB\libCH59xBLE.a(tmos.o) (LL_GetNextConnectEventTime)
C:\Users\44826\Desktop\Broadcaster-CH592\Broadcaster-CH592\LIB\libCH59xBLE.a(ll_core.o)
[...]
Memory Configuration

Name             Origin             Length             Attributes
FLASH            0x0000000000000000 0x0000000000070000 xr
RAM              0x0000000020000000 0x0000000000006800 xrw
*default*        0x0000000000000000 0xffffffffffffffff

Linker script and memory map

LOAD ./StdPeriphDriver/CH59x_adc.o
LOAD ./StdPeriphDriver/CH59x_clk.o
LOAD ./StdPeriphDriver/CH59x_flash.o
LOAD ./StdPeriphDriver/CH59x_gpio.o
LOAD ./StdPeriphDriver/CH59x_i2c.o
LOAD ./StdPeriphDriver/CH59x_lcd.o
LOAD ./StdPeriphDriver/CH59x_pwr.o
LOAD ./StdPeriphDriver/CH59x_sys.o
LOAD ./StdPeriphDriver/CH59x_uart1.o
LOAD ./Startup/startup_CH592.o
LOAD ./RVMSIS/core_riscv.o
LOAD ./Profile/devinfoservice.o
LOAD ./LIB/ble_task_scheduler.o
LOAD ./HAL/MCU.o
LOAD ./HAL/RTC.o
LOAD ./HAL/SLEEP.o
LOAD ./APP/app_i2c.o
LOAD ./APP/broadcaster.o
LOAD ./APP/broadcaster_main.o
LOAD C:\Users\44826\Desktop\Broadcaster-CH592\Broadcaster-CH592\StdPeriphDriver\libISP592.a
LOAD C:\Users\44826\Desktop\Broadcaster-CH592\Broadcaster-CH592\LIB\libCH59xBLE.a
LOAD c:/mounriver/mounriver_studio/toolchain/risc-v embedded gcc12/bin/../lib/gcc/riscv-none-elf/12.2.0/../../../../riscv-none-elf/lib\libprintfloat.a
LOAD c:/mounriver/mounriver_studio/toolchain/risc-v embedded gcc12/bin/../lib/gcc/riscv-none-elf/12.2.0\libgcc.a
LOAD c:/mounriver/mounriver_studio/toolchain/risc-v embedded gcc12/bin/../lib/gcc/riscv-none-elf/12.2.0/../../../../riscv-none-elf/lib\libg_nano.a
LOAD c:/mounriver/mounriver_studio/toolchain/risc-v embedded gcc12/bin/../lib/gcc/riscv-none-elf/12.2.0/../../../../riscv-none-elf/lib\libc_nano.a
LOAD c:/mounriver/mounriver_studio/toolchain/risc-v embedded gcc12/bin/../lib/gcc/riscv-none-elf/12.2.0\libgcc.a
START GROUP
LOAD c:/mounriver/mounriver_studio/toolchain/risc-v embedded gcc12/bin/../lib/gcc/riscv-none-elf/12.2.0\libgcc.a
LOAD c:/mounriver/mounriver_studio/toolchain/risc-v embedded gcc12/bin/../lib/gcc/riscv-none-elf/12.2.0/../../../../riscv-none-elf/lib\libc_nano.a
LOAD c:/mounriver/mounriver_studio/toolchain/risc-v embedded gcc12/bin/../lib/gcc/riscv-none-elf/12.2.0/../../../../riscv-none-elf/lib\libnosys.a
END GROUP
START GROUP
LOAD c:/mounriver/mounriver_studio/toolchain/risc-v embedded gcc12/bin/../lib/gcc/riscv-none-elf/12.2.0\libgcc.a
LOAD c:/mounriver/mounriver_studio/toolchain/risc-v embedded gcc12/bin/../lib/gcc/riscv-none-elf/12.2.0/../../../../riscv-none-elf/lib\libc_nano.a
LOAD c:/mounriver/mounriver_studio/toolchain/risc-v embedded gcc12/bin/../lib/gcc/riscv-none-elf/12.2.0/../../../../riscv-none-elf/lib\libnosys.a
END GROUP

.init           0x0000000000000000        0x4
                0x0000000000000000                _sinit = .
                0x0000000000000000                . = ALIGN (0x4)
 *(SORT_NONE(.init))
 .init          0x0000000000000000        0x4 ./Startup/startup_CH592.o
                0x0000000000000000                _start
                0x0000000000000004                . = ALIGN (0x4)
                0x0000000000000004                _einit = .

.highcodelalign
                0x0000000000000004        0x0
                0x0000000000000004                . = ALIGN (0x4)
                0x0000000000000004                PROVIDE (_highcode_lma = .)

.highcode       0x0000000020000000     0x2170 load address 0x0000000000000004
                0x0000000020000000                . = ALIGN (0x4)
                0x0000000020000000                PROVIDE (_highcode_vma_start = .)
 *(.vector)
 .vector        0x0000000020000000       0x90 ./Startup/startup_CH592.o
 *(SORT_NONE(.vector_handler))
 .vector_handler
                0x0000000020000090        0x2 ./Startup/startup_CH592.o
                0x0000000020000090                GPIOB_IRQHandler
                0x0000000020000090                GPIOA_IRQHandler
                0x0000000020000090                SysTick_Handler
                0x0000000020000090                NMI_Handler
                0x0000000020000090                UART1_IRQHandler
                0x0000000020000090                UART0_IRQHandler
                0x0000000020000090                BB_IRQHandler
                0x0000000020000090                Break_Point_Handler
                0x0000000020000090                TMR0_IRQHandler
                0x0000000020000090                UART2_IRQHandler
                0x0000000020000090                PWMX_IRQHandler
                0x0000000020000090                ADC_IRQHandler
                0x0000000020000090                TMR2_IRQHandler
                0x0000000020000090                USB_IRQHandler
                0x0000000020000090                WDOG_BAT_IRQHandler
                0x0000000020000090                TMR3_IRQHandler
                0x0000000020000090                SW_Handler
                0x0000000020000090                SPI0_IRQHandler
                0x0000000020000090                UART3_IRQHandler
                0x0000000020000090                TMR1_IRQHandler
 *(.highcode)
 .highcode      0x0000000020000092      0x4e0 ./StdPeriphDriver/CH59x_pwr.o
                0x0000000020000092                LowPower_Idle
                0x00000000200000ce                LowPower_Halt
                0x00000000200001f4                LowPower_Sleep
                0x00000000200003fc                LowPower_Shutdown
 .highcode      0x0000000020000572      0x2b4 ./StdPeriphDriver/CH59x_sys.o
                0x0000000020000572                SetSysClock
                0x0000000020000714                SYS_ResetExecute
                0x000000002000076e                HardFault_Handler
                0x00000000200007f0                mDelayuS
                0x00000000200007fe                mDelaymS
 *fill*         0x0000000020000826        0x2 
 .highcode      0x0000000020000828       0x4e ./LIB/ble_task_scheduler.o
                0x0000000020000828                Ecall_U_Mode_Handler
                0x0000000020000828                Ecall_M_Mode_Handler
 .highcode      0x0000000020000876       0x2e ./HAL/RTC.o
                0x000000002000088e                RTC_IRQHandler
 .highcode      0x00000000200008a4      0x430 ./APP/app_i2c.o
                0x00000000200008a4                I2C_IRQHandler
 .highcode      0x0000000020000cd4      0x1be ./APP/broadcaster.o
                0x0000000020000cd4                sample_battery_voltage
                0x0000000020000d48                read_sht20_data
                0x0000000020000d74                update_advert_device_name
                0x0000000020000e46                update_advert_data
 .highcode      0x0000000020000e92        0xa ./APP/broadcaster_main.o
                0x0000000020000e92                Main_Circulation
 .highcode      0x0000000020000e9c      0x426 C:\Users\44826\Desktop\Broadcaster-CH592\Broadcaster-CH592\StdPeriphDriver\libISP592.a(ISP583.o)
                0x0000000020000e9c                FLASH_ROM_BEG
                0x0000000020000eae                FLASH_ROM_END
                0x0000000020000ebc                FLASH_ROM_IN
                0x0000000020000eca                FLASH_ROM_OUT
                0x0000000020000ed8                FLASH_ROM_ADDR
                0x0000000020000f20                FLASH_ROM_WAIT
                0x0000000020000f58                FLASH_EEPROM_CMD
 .highcode      0x00000000200012c2      0x56e C:\Users\44826\Desktop\Broadcaster-CH592\Broadcaster-CH592\LIB\libCH59xBLE.a(tmos.o)
                0x00000000200012c2                tmos_memcpy
                0x00000000200012fc                tmos_memcpy_word
                0x000000002000132c                tmos_memset
                0x000000002000135a                tmos_strlen
                0x0000000020001386                tmos_memdup
                0x00000000200013d4                tmos_memcmp
                0x000000002000141e                tmos_revmemcpy
                0x0000000020001452                tmos_isbufset
                0x00000000200015d4                ble_controller_func
                0x0000000020001614                TMOS_SystemProcess
 .highcode      0x0000000020001830       0x36 C:\Users\44826\Desktop\Broadcaster-CH592\Broadcaster-CH592\LIB\libCH59xBLE.a(tmos_hw.o)
 .highcode      0x0000000020001866       0x4e C:\Users\44826\Desktop\Broadcaster-CH592\Broadcaster-CH592\LIB\libCH59xBLE.a(ll_whitelist.o)
                0x0000000020001866                LL_WhitelistLookup
 .highcode      0x00000000200018b4      0x10c C:\Users\44826\Desktop\Broadcaster-CH592\Broadcaster-CH592\LIB\libCH59xBLE.a(bb.o)
                0x00000000200018b4                BB_IRQLibHandler
                0x00000000200019ba                BB_IRQLibFunction
 .highcode      0x00000000200019c0      0x1e6 C:\Users\44826\Desktop\Broadcaster-CH592\Broadcaster-CH592\LIB\libCH59xBLE.a(ip.o)
                0x00000000200019c0                ll_rx_wait_finish
                0x00000000200019fe                ble_ll_chkcrc
                0x0000000020001a90                ll_tx_wait_finish
 .highcode      0x0000000020001ba6      0x1f8 C:\Users\44826\Desktop\Broadcaster-CH592\Broadcaster-CH592\LIB\libCH59xBLE.a(lle.o)
                0x0000000020001ba6                LLE_IRQSubHandler
 .highcode      0x0000000020001d9e       0x3a C:\Users\44826\Desktop\Broadcaster-CH592\Broadcaster-CH592\LIB\libCH59xBLE.a(rfend.o)
                0x0000000020001d9e                RFEND_WaitTune
 .highcode      0x0000000020001dd8      0x1ee C:\Users\44826\Desktop\Broadcaster-CH592\Broadcaster-CH592\LIB\libCH59xBLE.a(memory.o)
                0x0000000020001dd8                tmos_memory_allocate
                0x0000000020001ec6                tmos_memory_free
 .highcode      0x0000000020001fc6       0xd8 C:\Users\44826\Desktop\Broadcaster-CH592\Broadcaster-CH592\LIB\libCH59xBLE.a(ll_resolvinglist.o)
                0x0000000020001fc6                LL_ResolvinglistPeerIdentifyAddressGetIrk
                0x000000002000201a                LL_ResolvinglistPeerRpaAddressGetIrk
                0x000000002000205c                LL_ResolvinglistLocalRpaAddressGetIrk
 *(.highcode.*)
 *fill*         0x000000002000209e        0x2 
 .highcode.LLE_IRQHandler
                0x00000000200020a0       0x86 ./LIB/ble_task_scheduler.o
                0x00000000200020a0                LLE_IRQHandler
 *fill*         0x0000000020002126        0x2 
 .highcode.ble_controller_scheduler
                0x0000000020002128        0xa C:\Users\44826\Desktop\Broadcaster-CH592\Broadcaster-CH592\LIB\libCH59xBLE.a(ble_task_process.o)
 *fill*         0x0000000020002132        0x2 
 .highcode.LLE_IRQLibHandler
                0x0000000020002134       0x3a C:\Users\44826\Desktop\Broadcaster-CH592\Broadcaster-CH592\LIB\libCH59xBLE.a(ble_task_process.o)
                0x0000000020002134                LLE_IRQLibHandler
                0x0000000020002170                . = ALIGN (0x4)
 *fill*         0x000000002000216e        0x2 
                0x0000000020002170                PROVIDE (_highcode_vma_end = .)

.text           0x0000000000002174    0x1dd68
                0x0000000000002174                . = ALIGN (0x4)
 *(SORT_NONE(.handle_reset))
 .handle_reset  0x0000000000002174       0xae ./Startup/startup_CH592.o
                0x0000000000002174                handle_reset
 *(.text)
 .text          0x0000000000002222       0x16 c:/mounriver/mounriver_studio/toolchain/risc-v embedded gcc12/bin/../lib/gcc/riscv-none-elf/12.2.0/../../../../riscv-none-elf/lib\libg_nano.a(lib_a-memcpy-asm.o)
                0x0000000000002222                memcpy
 *(.text.*)
 .text.ADC_DataCalib_Rough
                0x0000000000002238       0x92 ./StdPeriphDriver/CH59x_adc.o
                0x0000000000002238                ADC_DataCalib_Rough
 .text.ADC_InterBATSampInit
                0x00000000000022ca       0x2a ./StdPeriphDriver/CH59x_adc.o
                0x00000000000022ca                ADC_InterBATSampInit
 .text.ADC_ExcutSingleConver
                0x00000000000022f4       0x22 ./StdPeriphDriver/CH59x_adc.o
                0x00000000000022f4                ADC_ExcutSingleConver
 .text.HSECFG_Current
                0x0000000000002316       0x4e ./StdPeriphDriver/CH59x_clk.o
                0x0000000000002316                HSECFG_Current
 .text.RTC_InitTime
                0x0000000000002364      0x1e8 ./StdPeriphDriver/CH59x_clk.o
                0x0000000000002364                RTC_InitTime
 .text.RTC_GetCycle32k
                0x000000000000254c       0x18 ./StdPeriphDriver/CH59x_clk.o
                0x000000000000254c                RTC_GetCycle32k
 .text.GPIOA_ModeCfg
                0x0000000000002564       0x9e ./StdPeriphDriver/CH59x_gpio.o
                0x0000000000002564                GPIOA_ModeCfg
 .text.GPIOB_ModeCfg
                0x0000000000002602       0x9e ./StdPeriphDriver/CH59x_gpio.o
                0x0000000000002602                GPIOB_ModeCfg
 .text.I2C_GenerateSTART
                0x00000000000026a0       0x22 ./StdPeriphDriver/CH59x_i2c.o
                0x00000000000026a0                I2C_GenerateSTART
 .text.I2C_GenerateSTOP
                0x00000000000026c2       0x22 ./StdPeriphDriver/CH59x_i2c.o
                0x00000000000026c2                I2C_GenerateSTOP
 .text.I2C_AcknowledgeConfig
                0x00000000000026e4       0x22 ./StdPeriphDriver/CH59x_i2c.o
                0x00000000000026e4                I2C_AcknowledgeConfig
 .text.I2C_ITConfig
                0x0000000000002706       0x1e ./StdPeriphDriver/CH59x_i2c.o
                0x0000000000002706                I2C_ITConfig
 .text.I2C_SendData
                0x0000000000002724        0xa ./StdPeriphDriver/CH59x_i2c.o
                0x0000000000002724                I2C_SendData
 .text.I2C_ReceiveData
                0x000000000000272e        0xe ./StdPeriphDriver/CH59x_i2c.o
                0x000000000000272e                I2C_ReceiveData
 .text.I2C_SoftwareResetCmd
                0x000000000000273c       0x1a ./StdPeriphDriver/CH59x_i2c.o
                0x000000000000273c                I2C_SoftwareResetCmd
 .text.I2C_Init
                0x0000000000002756      0x16c ./StdPeriphDriver/CH59x_i2c.o
                0x0000000000002756                I2C_Init
 .text.I2C_GetLastEvent
                0x00000000000028c2       0x16 ./StdPeriphDriver/CH59x_i2c.o
                0x00000000000028c2                I2C_GetLastEvent
 .text.I2C_ClearFlag
                0x00000000000028d8       0x12 ./StdPeriphDriver/CH59x_i2c.o
                0x00000000000028d8                I2C_ClearFlag
 .text.PWR_DCDCCfg
                0x00000000000028ea      0x120 ./StdPeriphDriver/CH59x_pwr.o
                0x00000000000028ea                PWR_DCDCCfg
 .text.GetSysClock
                0x0000000000002a0a       0x3e ./StdPeriphDriver/CH59x_sys.o
                0x0000000000002a0a                GetSysClock
 .text.SYS_DisableAllIrq
                0x0000000000002a48       0x1c ./StdPeriphDriver/CH59x_sys.o
                0x0000000000002a48                SYS_DisableAllIrq
 .text.SYS_RecoverIrq
                0x0000000000002a64       0x14 ./StdPeriphDriver/CH59x_sys.o
                0x0000000000002a64                SYS_RecoverIrq
 .text.SYS_GetSysTickCnt
                0x0000000000002a78        0xa ./StdPeriphDriver/CH59x_sys.o
                0x0000000000002a78                SYS_GetSysTickCnt
 .text.HAL_ProcessEvent
                0x0000000000002a82       0x56 ./HAL/MCU.o
                0x0000000000002a82                HAL_ProcessEvent
 .text.CH59x_BLEInit
                0x0000000000002ad8       0xec ./HAL/MCU.o
                0x0000000000002ad8                CH59x_BLEInit
 .text.HAL_Init
                0x0000000000002bc4       0x1c ./HAL/MCU.o
                0x0000000000002bc4                HAL_Init
 .text.RTC_SetTignTime
                0x0000000000002be0       0x44 ./HAL/RTC.o
                0x0000000000002be0                RTC_SetTignTime
 .text.HAL_TimeInit
                0x0000000000002c24       0xbe ./HAL/RTC.o
                0x0000000000002c24                HAL_TimeInit
 .text.CH59x_LowPower
                0x0000000000002ce2       0x88 ./HAL/SLEEP.o
                0x0000000000002ce2                CH59x_LowPower
 .text.HAL_SleepInit
                0x0000000000002d6a       0x8a ./HAL/SLEEP.o
                0x0000000000002d6a                HAL_SleepInit
 .text._crc8.constprop.0
                0x0000000000002df4       0x42 ./APP/app_i2c.o
 .text.i2c_app_init
                0x0000000000002e36       0x52 ./APP/app_i2c.o
                0x0000000000002e36                i2c_app_init
 .text.i2c_write_to
                0x0000000000002e88       0xd6 ./APP/app_i2c.o
                0x0000000000002e88                i2c_write_to
 .text.i2c_read_from
                0x0000000000002f5e      0x10a ./APP/app_i2c.o
                0x0000000000002f5e                i2c_read_from
 .text.sht20_read_temp_humi
                0x0000000000003068      0x10e ./APP/app_i2c.o
                0x0000000000003068                sht20_read_temp_humi
 .text.Broadcaster_StateNotificationCB
                0x0000000000003176        0x2 ./APP/broadcaster.o
 .text.Broadcaster_ProcessEvent
                0x0000000000003178       0x74 ./APP/broadcaster.o
                0x0000000000003178                Broadcaster_ProcessEvent
 .text.Broadcaster_Init
                0x00000000000031ec       0x8c ./APP/broadcaster.o
                0x00000000000031ec                Broadcaster_Init
 .text.startup.main
                0x0000000000003278       0x3c ./APP/broadcaster_main.o
                0x0000000000003278                main
 .text.tmos_msg_enqueue
                0x00000000000032b4       0x1e C:\Users\44826\Desktop\Broadcaster-CH592\Broadcaster-CH592\LIB\libCH59xBLE.a(message.o)
                0x00000000000032b4                tmos_msg_enqueue
 .text.tmos_msg_deallocate
                0x00000000000032d2       0x4e C:\Users\44826\Desktop\Broadcaster-CH592\Broadcaster-CH592\LIB\libCH59xBLE.a(message.o)
                0x00000000000032d2                tmos_msg_deallocate
 .text.tmos_msg_allocate
                0x0000000000003320       0x68 C:\Users\44826\Desktop\Broadcaster-CH592\Broadcaster-CH592\LIB\libCH59xBLE.a(message.o)
                0x0000000000003320                tmos_msg_allocate
 .text.tmos_msg_receive
                0x0000000000003388       0x86 C:\Users\44826\Desktop\Broadcaster-CH592\Broadcaster-CH592\LIB\libCH59xBLE.a(message.o)
                0x0000000000003388                tmos_msg_receive
 .text.tmos_msg_send
                0x000000000000340e       0x8c C:\Users\44826\Desktop\Broadcaster-CH592\Broadcaster-CH592\LIB\libCH59xBLE.a(message.o)
                0x000000000000340e                tmos_msg_send
 .text.tmos_msg_init
                0x000000000000349a        0xa C:\Users\44826\Desktop\Broadcaster-CH592\Broadcaster-CH592\LIB\libCH59xBLE.a(message.o)
                0x000000000000349a                tmos_msg_init
 .text.tmosFindTask
                0x00000000000034a4       0x24 C:\Users\44826\Desktop\Broadcaster-CH592\Broadcaster-CH592\LIB\libCH59xBLE.a(tmos.o)
 .text.TMOS_CB_PeriodicProcessEvent
                0x00000000000034c8       0x86 C:\Users\44826\Desktop\Broadcaster-CH592\Broadcaster-CH592\LIB\libCH59xBLE.a(tmos.o)
                0x00000000000034c8                TMOS_CB_PeriodicProcessEvent
 .text.TMOS_CB_ProcessEvent
                0x000000000000354e       0x80 C:\Users\44826\Desktop\Broadcaster-CH592\Broadcaster-CH592\LIB\libCH59xBLE.a(tmos.o)
                0x000000000000354e                TMOS_CB_ProcessEvent
 .text.tmos_rand
                0x00000000000035ce       0x70 C:\Users\44826\Desktop\Broadcaster-CH592\Broadcaster-CH592\LIB\libCH59xBLE.a(tmos.o)
                0x00000000000035ce                tmos_rand
 .text.tmos_start_periodic_callback_task
                0x000000000000363e      0x11a C:\Users\44826\Desktop\Broadcaster-CH592\Broadcaster-CH592\LIB\libCH59xBLE.a(tmos.o)
                0x000000000000363e                tmos_start_periodic_callback_task
 .text.tmos_set_event
                0x0000000000003758       0x46 C:\Users\44826\Desktop\Broadcaster-CH592\Broadcaster-CH592\LIB\libCH59xBLE.a(tmos.o)
                0x0000000000003758                tmos_set_event
 .text.tmos_clear_event
                0x000000000000379e       0x4a C:\Users\44826\Desktop\Broadcaster-CH592\Broadcaster-CH592\LIB\libCH59xBLE.a(tmos.o)
                0x000000000000379e                tmos_clear_event
 .text.tmos_update_callback_timer
                0x00000000000037e8       0xde C:\Users\44826\Desktop\Broadcaster-CH592\Broadcaster-CH592\LIB\libCH59xBLE.a(tmos.o)
                0x00000000000037e8                tmos_update_callback_timer
 .text.tmos_start_task
                0x00000000000038c6      0x15e C:\Users\44826\Desktop\Broadcaster-CH592\Broadcaster-CH592\LIB\libCH59xBLE.a(tmos.o)
                0x00000000000038c6                tmos_start_task
 .text.tmos_start_callback_task
                0x0000000000003a24       0xc2 C:\Users\44826\Desktop\Broadcaster-CH592\Broadcaster-CH592\LIB\libCH59xBLE.a(tmos.o)
                0x0000000000003a24                tmos_start_callback_task
 .text.tmos_start_reload_task
                0x0000000000003ae6       0x70 C:\Users\44826\Desktop\Broadcaster-CH592\Broadcaster-CH592\LIB\libCH59xBLE.a(tmos.o)
                0x0000000000003ae6                tmos_start_reload_task
 .text.tmos_stop_task
                0x0000000000003b56       0x6c C:\Users\44826\Desktop\Broadcaster-CH592\Broadcaster-CH592\LIB\libCH59xBLE.a(tmos.o)
                0x0000000000003b56                tmos_stop_task
 .text.tmos_stop_callback_task
                0x0000000000003bc2       0x7c C:\Users\44826\Desktop\Broadcaster-CH592\Broadcaster-CH592\LIB\libCH59xBLE.a(tmos.o)
                0x0000000000003bc2                tmos_stop_callback_task
 .text.tmos_get_task_timer
                0x0000000000003c3e       0x7e C:\Users\44826\Desktop\Broadcaster-CH592\Broadcaster-CH592\LIB\libCH59xBLE.a(tmos.o)
                0x0000000000003c3e                tmos_get_task_timer
 .text.tmos_proces_idle
                0x0000000000003cbc      0x124 C:\Users\44826\Desktop\Broadcaster-CH592\Broadcaster-CH592\LIB\libCH59xBLE.a(tmos.o)
                0x0000000000003cbc                tmos_proces_idle
 .text.TMOS_TimerRegister
                0x0000000000003de0       0x1e C:\Users\44826\Desktop\Broadcaster-CH592\Broadcaster-CH592\LIB\libCH59xBLE.a(tmos.o)
                0x0000000000003de0                TMOS_TimerRegister
 .text.TMOS_ProcessRegister
                0x0000000000003dfe       0x16 C:\Users\44826\Desktop\Broadcaster-CH592\Broadcaster-CH592\LIB\libCH59xBLE.a(tmos.o)
                0x0000000000003dfe                TMOS_ProcessRegister
 .text.TMOS_SysRegister
                0x0000000000003e14       0x16 C:\Users\44826\Desktop\Broadcaster-CH592\Broadcaster-CH592\LIB\libCH59xBLE.a(tmos.o)
                0x0000000000003e14                TMOS_SysRegister
 .text.TMOS_Init
                0x0000000000003e2a      0x13e C:\Users\44826\Desktop\Broadcaster-CH592\Broadcaster-CH592\LIB\libCH59xBLE.a(tmos.o)
                0x0000000000003e2a                TMOS_Init
 .text.TMOS_ProcessEventRegister
                0x0000000000003f68       0x3c C:\Users\44826\Desktop\Broadcaster-CH592\Broadcaster-CH592\LIB\libCH59xBLE.a(tmos.o)
                0x0000000000003f68                TMOS_ProcessEventRegister
 .text.BLE_LibInit
                0x0000000000003fa4      0x14c C:\Users\44826\Desktop\Broadcaster-CH592\Broadcaster-CH592\LIB\libCH59xBLE.a(tmos.o)
                0x0000000000003fa4                BLE_LibInit
 .text.clockGetTickValve
                0x00000000000040f0       0x7e C:\Users\44826\Desktop\Broadcaster-CH592\Broadcaster-CH592\LIB\libCH59xBLE.a(tmos_hw.o)
 .text.ll_get_sca_own
                0x000000000000416e       0x46 C:\Users\44826\Desktop\Broadcaster-CH592\Broadcaster-CH592\LIB\libCH59xBLE.a(tmos_hw.o)
                0x000000000000416e                ll_get_sca_own
 .text.ble_ll_common_rand8
                0x00000000000041b4       0x24 C:\Users\44826\Desktop\Broadcaster-CH592\Broadcaster-CH592\LIB\libCH59xBLE.a(tmos_hw.o)
                0x00000000000041b4                ble_ll_common_rand8
 .text.ble_ll_common_rand16
                0x00000000000041d8       0x24 C:\Users\44826\Desktop\Broadcaster-CH592\Broadcaster-CH592\LIB\libCH59xBLE.a(tmos_hw.o)
                0x00000000000041d8                ble_ll_common_rand16
 .text.ble_ll_common_rand32
                0x00000000000041fc       0x20 C:\Users\44826\Desktop\Broadcaster-CH592\Broadcaster-CH592\LIB\libCH59xBLE.a(tmos_hw.o)
                0x00000000000041fc                ble_ll_common_rand32
 .text.TMOS_TempSample
                0x000000000000421c       0x62 C:\Users\44826\Desktop\Broadcaster-CH592\Broadcaster-CH592\LIB\libCH59xBLE.a(tmos_hw.o)
                0x000000000000421c                TMOS_TempSample
 .text.TMOS_TimerInit
                0x000000000000427e       0xec C:\Users\44826\Desktop\Broadcaster-CH592\Broadcaster-CH592\LIB\libCH59xBLE.a(tmos_hw.o)
                0x000000000000427e                TMOS_TimerInit
 .text.tmos_snv_init
                0x000000000000436a       0xc0 C:\Users\44826\Desktop\Broadcaster-CH592\Broadcaster-CH592\LIB\libCH59xBLE.a(tmos_snv.o)
                0x000000000000436a                tmos_snv_init
 .text.tmos_snv_read
                0x000000000000442a      0x294 C:\Users\44826\Desktop\Broadcaster-CH592\Broadcaster-CH592\LIB\libCH59xBLE.a(tmos_snv.o)
                0x000000000000442a                tmos_snv_read
 .text.tmos_snv_notify
                0x00000000000046be       0x5a C:\Users\44826\Desktop\Broadcaster-CH592\Broadcaster-CH592\LIB\libCH59xBLE.a(tmos_snv.o)
                0x00000000000046be                tmos_snv_notify
 .text.tmos_snv_write
                0x0000000000004718      0x2d2 C:\Users\44826\Desktop\Broadcaster-CH592\Broadcaster-CH592\LIB\libCH59xBLE.a(tmos_snv.o)
                0x0000000000004718                tmos_snv_write
 .text.tmos_snv_compact
                0x00000000000049ea        0x4 C:\Users\44826\Desktop\Broadcaster-CH592\Broadcaster-CH592\LIB\libCH59xBLE.a(tmos_snv.o)
                0x00000000000049ea                tmos_snv_compact
 .text.disconnectNext
                0x00000000000049ee       0x22 C:\Users\44826\Desktop\Broadcaster-CH592\Broadcaster-CH592\LIB\libCH59xBLE.a(gap.o)
 .text.GAP_ParamInit
                0x0000000000004a10      0x164 C:\Users\44826\Desktop\Broadcaster-CH592\Broadcaster-CH592\LIB\libCH59xBLE.a(gap.o)
                0x0000000000004a10                GAP_ParamInit
 .text.sendTerminateEvent
                0x0000000000004b74       0x58 C:\Users\44826\Desktop\Broadcaster-CH592\Broadcaster-CH592\LIB\libCH59xBLE.a(gap.o)
                0x0000000000004b74                sendTerminateEvent
 .text.gapRegisterCentral
                0x0000000000004bcc        0x6 C:\Users\44826\Desktop\Broadcaster-CH592\Broadcaster-CH592\LIB\libCH59xBLE.a(gap.o)
                0x0000000000004bcc                gapRegisterCentral
 .text.gapRegisterCentralConn
                0x0000000000004bd2        0x6 C:\Users\44826\Desktop\Broadcaster-CH592\Broadcaster-CH592\LIB\libCH59xBLE.a(gap.o)
                0x0000000000004bd2                gapRegisterCentralConn
 .text.gapRegisterPeripheral
                0x0000000000004bd8        0x6 C:\Users\44826\Desktop\Broadcaster-CH592\Broadcaster-CH592\LIB\libCH59xBLE.a(gap.o)
                0x0000000000004bd8                gapRegisterPeripheral
 .text.gapRegisterPeripheralConn
                0x0000000000004bde        0x6 C:\Users\44826\Desktop\Broadcaster-CH592\Broadcaster-CH592\LIB\libCH59xBLE.a(gap.o)
                0x0000000000004bde                gapRegisterPeripheralConn
 .text.smGenerateRandBuf
                0x0000000000004be4       0x56 C:\Users\44826\Desktop\Broadcaster-CH592\Broadcaster-CH592\LIB\libCH59xBLE.a(gap.o)
                0x0000000000004be4                smGenerateRandBuf
 .text.gapL2capConnParamUpdateReq
                0x0000000000004c3a       0x36 C:\Users\44826\Desktop\Broadcaster-CH592\Broadcaster-CH592\LIB\libCH59xBLE.a(gap.o)
                0x0000000000004c3a                gapL2capConnParamUpdateReq
 .text.gapValidADType
                0x0000000000004c70       0x16 C:\Users\44826\Desktop\Broadcaster-CH592\Broadcaster-CH592\LIB\libCH59xBLE.a(gap.o)
                0x0000000000004c70                gapValidADType
 .text.gapFindADType
                0x0000000000004c86       0x92 C:\Users\44826\Desktop\Broadcaster-CH592\Broadcaster-CH592\LIB\libCH59xBLE.a(gap.o)
                0x0000000000004c86                gapFindADType
 .text.GAP_SecParamsInit
                0x0000000000004d18       0xaa C:\Users\44826\Desktop\Broadcaster-CH592\Broadcaster-CH592\LIB\libCH59xBLE.a(gap.o)
                0x0000000000004d18                GAP_SecParamsInit
 .text.GAP_ParamsInit
                0x0000000000004dc2       0x50 C:\Users\44826\Desktop\Broadcaster-CH592\Broadcaster-CH592\LIB\libCH59xBLE.a(gap.o)
                0x0000000000004dc2                GAP_ParamsInit
 .text.gapAddAddrAdj
                0x0000000000004e12       0x48 C:\Users\44826\Desktop\Broadcaster-CH592\Broadcaster-CH592\LIB\libCH59xBLE.a(gap.o)
                0x0000000000004e12                gapAddAddrAdj
 .text.gapDetermineAddrType
                0x0000000000004e5a       0x28 C:\Users\44826\Desktop\Broadcaster-CH592\Broadcaster-CH592\LIB\libCH59xBLE.a(gap.o)
                0x0000000000004e5a                gapDetermineAddrType
 .text.gapFreeAuthLink
                0x0000000000004e82       0x4a C:\Users\44826\Desktop\Broadcaster-CH592\Broadcaster-CH592\LIB\libCH59xBLE.a(gap.o)
                0x0000000000004e82                gapFreeAuthLink
 .text.gapGetDevAddress
                0x0000000000004ecc       0x24 C:\Users\44826\Desktop\Broadcaster-CH592\Broadcaster-CH592\LIB\libCH59xBLE.a(gap.o)
                0x0000000000004ecc                gapGetDevAddress
 .text.gapGetDevAddressMode
                0x0000000000004ef0        0xa C:\Users\44826\Desktop\Broadcaster-CH592\Broadcaster-CH592\LIB\libCH59xBLE.a(gap.o)
                0x0000000000004ef0                gapGetDevAddressMode
 .text.gapGetIRK
                0x0000000000004efa        0xc C:\Users\44826\Desktop\Broadcaster-CH592\Broadcaster-CH592\LIB\libCH59xBLE.a(gap.o)
                0x0000000000004efa                gapGetIRK
 .text.gapGetSRK
                0x0000000000004f06        0xc C:\Users\44826\Desktop\Broadcaster-CH592\Broadcaster-CH592\LIB\libCH59xBLE.a(gap.o)
                0x0000000000004f06                gapGetSRK
 .text.gapGetSignCounter
                0x0000000000004f12        0xe C:\Users\44826\Desktop\Broadcaster-CH592\Broadcaster-CH592\LIB\libCH59xBLE.a(gap.o)
                0x0000000000004f12                gapGetSignCounter
 .text.gapIncSignCounter
                0x0000000000004f20       0x28 C:\Users\44826\Desktop\Broadcaster-CH592\Broadcaster-CH592\LIB\libCH59xBLE.a(gap.o)
                0x0000000000004f20                gapIncSignCounter
 .text.gapProcessConnEvt
                0x0000000000004f48       0x48 C:\Users\44826\Desktop\Broadcaster-CH592\Broadcaster-CH592\LIB\libCH59xBLE.a(gap.o)
                0x0000000000004f48                gapProcessConnEvt
 .text.gapProcessDisconnectCompleteEvt
                0x0000000000004f90       0xa6 C:\Users\44826\Desktop\Broadcaster-CH592\Broadcaster-CH592\LIB\libCH59xBLE.a(gap.o)
                0x0000000000004f90                gapProcessDisconnectCompleteEvt
 .text.sendAuthEvent
                0x0000000000005036      0x11e C:\Users\44826\Desktop\Broadcaster-CH592\Broadcaster-CH592\LIB\libCH59xBLE.a(gap.o)
                0x0000000000005036                sendAuthEvent
 .text.gapSendBondCompleteEvent
                0x0000000000005154       0x74 C:\Users\44826\Desktop\Broadcaster-CH592\Broadcaster-CH592\LIB\libCH59xBLE.a(gap.o)
                0x0000000000005154                gapSendBondCompleteEvent
 .text.gapSendPairingReqEvent
                0x00000000000051c8       0x96 C:\Users\44826\Desktop\Broadcaster-CH592\Broadcaster-CH592\LIB\libCH59xBLE.a(gap.o)
                0x00000000000051c8                gapSendPairingReqEvent
 .text.gapSendSlaveSecurityReqEvent
                0x000000000000525e       0x68 C:\Users\44826\Desktop\Broadcaster-CH592\Broadcaster-CH592\LIB\libCH59xBLE.a(gap.o)
                0x000000000000525e                gapSendSlaveSecurityReqEvent
 .text.gapSendDeviceInitDoneEvent
                0x00000000000052c6       0x88 C:\Users\44826\Desktop\Broadcaster-CH592\Broadcaster-CH592\LIB\libCH59xBLE.a(gap.o)
                0x00000000000052c6                gapSendDeviceInitDoneEvent
 .text.gapSendLinkUpdateEvent
                0x000000000000534e       0xb2 C:\Users\44826\Desktop\Broadcaster-CH592\Broadcaster-CH592\LIB\libCH59xBLE.a(gap.o)
                0x000000000000534e                gapSendLinkUpdateEvent
 .text.gapSendPhyUpdateEvent
                0x0000000000005400       0x58 C:\Users\44826\Desktop\Broadcaster-CH592\Broadcaster-CH592\LIB\libCH59xBLE.a(gap.o)
                0x0000000000005400                gapSendPhyUpdateEvent
 .text.gapSendEstLinkEvent
                0x0000000000005458       0xbc C:\Users\44826\Desktop\Broadcaster-CH592\Broadcaster-CH592\LIB\libCH59xBLE.a(gap.o)
                0x0000000000005458                gapSendEstLinkEvent
 .text.gapProcessNewAddr
                0x0000000000005514       0x3e C:\Users\44826\Desktop\Broadcaster-CH592\Broadcaster-CH592\LIB\libCH59xBLE.a(gap.o)
                0x0000000000005514                gapProcessNewAddr
 .text.gapProcessRandomAddrComplete
                0x0000000000005552       0xb6 C:\Users\44826\Desktop\Broadcaster-CH592\Broadcaster-CH592\LIB\libCH59xBLE.a(gap.o)
                0x0000000000005552                gapProcessRandomAddrComplete
 .text.GAP_Authenticate
                0x0000000000005608       0xde C:\Users\44826\Desktop\Broadcaster-CH592\Broadcaster-CH592\LIB\libCH59xBLE.a(gap.o)
                0x0000000000005608                GAP_Authenticate
 .text.GAP_Bond
                0x00000000000056e6       0xaa C:\Users\44826\Desktop\Broadcaster-CH592\Broadcaster-CH592\LIB\libCH59xBLE.a(gap.o)
                0x00000000000056e6                GAP_Bond
 .text.GAP_GetParamValue
                0x0000000000005790       0x20 C:\Users\44826\Desktop\Broadcaster-CH592\Broadcaster-CH592\LIB\libCH59xBLE.a(gap.o)
                0x0000000000005790                GAP_GetParamValue
 .text.GAP_PasscodeUpdate
                0x00000000000057b0       0x54 C:\Users\44826\Desktop\Broadcaster-CH592\Broadcaster-CH592\LIB\libCH59xBLE.a(gap.o)
                0x00000000000057b0                GAP_PasscodeUpdate
 .text.GAP_RegisterForMsgs
                0x0000000000005804        0xa C:\Users\44826\Desktop\Broadcaster-CH592\Broadcaster-CH592\LIB\libCH59xBLE.a(gap.o)
                0x0000000000005804                GAP_RegisterForMsgs
 .text.GAP_ResolvePrivateAddr
                0x000000000000580e        0x4 C:\Users\44826\Desktop\Broadcaster-CH592\Broadcaster-CH592\LIB\libCH59xBLE.a(gap.o)
                0x000000000000580e                GAP_ResolvePrivateAddr
 .text.gapPairingCompleteCB
                0x0000000000005812      0x18c C:\Users\44826\Desktop\Broadcaster-CH592\Broadcaster-CH592\LIB\libCH59xBLE.a(gap.o)
                0x0000000000005812                gapPairingCompleteCB
 .text.gapPasskeyNeededCB
                0x000000000000599e       0x8e C:\Users\44826\Desktop\Broadcaster-CH592\Broadcaster-CH592\LIB\libCH59xBLE.a(gap.o)
                0x000000000000599e                gapPasskeyNeededCB
 .text.gapOobNeededCB
                0x0000000000005a2c       0xa6 C:\Users\44826\Desktop\Broadcaster-CH592\Broadcaster-CH592\LIB\libCH59xBLE.a(gap.o)
                0x0000000000005a2c                gapOobNeededCB
 .text.gapFreeEstLink
                0x0000000000005ad2       0x20 C:\Users\44826\Desktop\Broadcaster-CH592\Broadcaster-CH592\LIB\libCH59xBLE.a(gap.o)
                0x0000000000005ad2                gapFreeEstLink
 .text.gapUpdateConnSignCounter
                0x0000000000005af2       0x7a C:\Users\44826\Desktop\Broadcaster-CH592\Broadcaster-CH592\LIB\libCH59xBLE.a(gap.o)
                0x0000000000005af2                gapUpdateConnSignCounter
 .text.GAP_TerminateAuth
                0x0000000000005b6c       0x2a C:\Users\44826\Desktop\Broadcaster-CH592\Broadcaster-CH592\LIB\libCH59xBLE.a(gap.o)
                0x0000000000005b6c                GAP_TerminateAuth
 .text.GAP_NumActiveConnections
                0x0000000000005b96        0x4 C:\Users\44826\Desktop\Broadcaster-CH592\Broadcaster-CH592\LIB\libCH59xBLE.a(gap.o)
                0x0000000000005b96                GAP_NumActiveConnections
 .text.GAP_TerminateLinkReq
                0x0000000000005b9a       0x8e C:\Users\44826\Desktop\Broadcaster-CH592\Broadcaster-CH592\LIB\libCH59xBLE.a(gap.o)
                0x0000000000005b9a                GAP_TerminateLinkReq
 .text.GAP_SetParamValue
                0x0000000000005c28       0x6c C:\Users\44826\Desktop\Broadcaster-CH592\Broadcaster-CH592\LIB\libCH59xBLE.a(gap.o)
                0x0000000000005c28                GAP_SetParamValue
 .text.GAP_Init
                0x0000000000005c94       0x48 C:\Users\44826\Desktop\Broadcaster-CH592\Broadcaster-CH592\LIB\libCH59xBLE.a(gap.o)
                0x0000000000005c94                GAP_Init
 .text.GAP_ProcessEvent
                0x0000000000005cdc      0x66a C:\Users\44826\Desktop\Broadcaster-CH592\Broadcaster-CH592\LIB\libCH59xBLE.a(gap.o)
                0x0000000000005cdc                GAP_ProcessEvent
 .text.gapSendScanEnable
                0x0000000000006346       0x3a C:\Users\44826\Desktop\Broadcaster-CH592\Broadcaster-CH592\LIB\libCH59xBLE.a(gap_central.o)
 .text.gapCentProcessConnEvt
                0x0000000000006380      0x168 C:\Users\44826\Desktop\Broadcaster-CH592\Broadcaster-CH592\LIB\libCH59xBLE.a(gap_central.o)
                0x0000000000006380                gapCentProcessConnEvt
 .text.gapProcessScanningPeriodicAdvEvt
                0x00000000000064e8       0xa0 C:\Users\44826\Desktop\Broadcaster-CH592\Broadcaster-CH592\LIB\libCH59xBLE.a(gap_central.o)
                0x00000000000064e8                gapProcessScanningPeriodicAdvEvt
 .text.gapCancelLinkReq
                0x0000000000006588       0x38 C:\Users\44826\Desktop\Broadcaster-CH592\Broadcaster-CH592\LIB\libCH59xBLE.a(gap_central.o)
                0x0000000000006588                gapCancelLinkReq
 .text.gapProcessAdvertDevInfo
                0x00000000000065c0      0x242 C:\Users\44826\Desktop\Broadcaster-CH592\Broadcaster-CH592\LIB\libCH59xBLE.a(gap_central.o)
                0x00000000000065c0                gapProcessAdvertDevInfo
 .text.gapProcessExtAdvertDevInfo
                0x0000000000006802      0x260 C:\Users\44826\Desktop\Broadcaster-CH592\Broadcaster-CH592\LIB\libCH59xBLE.a(gap_central.o)
                0x0000000000006802                gapProcessExtAdvertDevInfo
 .text.gapProcessPeriodicAdvertisingSyncEstablishedEvt
                0x0000000000006a62       0xae C:\Users\44826\Desktop\Broadcaster-CH592\Broadcaster-CH592\LIB\libCH59xBLE.a(gap_central.o)
                0x0000000000006a62                gapProcessPeriodicAdvertisingSyncEstablishedEvt
 .text.gapProcessPeriodicAdvertisingSyncLostEvt
                0x0000000000006b10       0x56 C:\Users\44826\Desktop\Broadcaster-CH592\Broadcaster-CH592\LIB\libCH59xBLE.a(gap_central.o)
                0x0000000000006b10                gapProcessPeriodicAdvertisingSyncLostEvt
 .text.gapFreeScanRecs
                0x0000000000006b66       0xa6 C:\Users\44826\Desktop\Broadcaster-CH592\Broadcaster-CH592\LIB\libCH59xBLE.a(gap_central.o)
                0x0000000000006b66                gapFreeScanRecs
 .text.gapSendDevDiscEvent
                0x0000000000006c0c      0x124 C:\Users\44826\Desktop\Broadcaster-CH592\Broadcaster-CH592\LIB\libCH59xBLE.a(gap_central.o)
                0x0000000000006c0c                gapSendDevDiscEvent
 .text.gapSetScanParamStatus
                0x0000000000006d30       0x56 C:\Users\44826\Desktop\Broadcaster-CH592\Broadcaster-CH592\LIB\libCH59xBLE.a(gap_central.o)
 .text.gapCentProcessHCICmdEvt
                0x0000000000006d86       0x3c C:\Users\44826\Desktop\Broadcaster-CH592\Broadcaster-CH592\LIB\libCH59xBLE.a(gap_central.o)
                0x0000000000006d86                gapCentProcessHCICmdEvt
 .text.gapProcessScanningEvt
                0x0000000000006dc2      0x10e C:\Users\44826\Desktop\Broadcaster-CH592\Broadcaster-CH592\LIB\libCH59xBLE.a(gap_central.o)
                0x0000000000006dc2                gapProcessScanningEvt
 .text.gapProcessScanningDirectEvt
                0x0000000000006ed0       0xfe C:\Users\44826\Desktop\Broadcaster-CH592\Broadcaster-CH592\LIB\libCH59xBLE.a(gap_central.o)
                0x0000000000006ed0                gapProcessScanningDirectEvt
 .text.gapProcessScanningExtAdvEvt
                0x0000000000006fce      0x2c4 C:\Users\44826\Desktop\Broadcaster-CH592\Broadcaster-CH592\LIB\libCH59xBLE.a(gap_central.o)
                0x0000000000006fce                gapProcessScanningExtAdvEvt
 .text.GAP_CentConnRegister
                0x0000000000007292       0x1a C:\Users\44826\Desktop\Broadcaster-CH592\Broadcaster-CH592\LIB\libCH59xBLE.a(gap_central.o)
                0x0000000000007292                GAP_CentConnRegister
 .text.GAP_CentralParamInit
                0x00000000000072ac       0x6e C:\Users\44826\Desktop\Broadcaster-CH592\Broadcaster-CH592\LIB\libCH59xBLE.a(gap_central.o)
                0x00000000000072ac                GAP_CentralParamInit
 .text.GAP_CentDevMgrInit
                0x000000000000731a       0x9c C:\Users\44826\Desktop\Broadcaster-CH592\Broadcaster-CH592\LIB\libCH59xBLE.a(gap_central.o)
                0x000000000000731a                GAP_CentDevMgrInit
 .text.gapFreeAdvertState
                0x00000000000073b6       0x20 C:\Users\44826\Desktop\Broadcaster-CH592\Broadcaster-CH592\LIB\libCH59xBLE.a(gap_peripheral.o)
 .text.gapSetPeriodicAdvParams
                0x00000000000073d6       0x30 C:\Users\44826\Desktop\Broadcaster-CH592\Broadcaster-CH592\LIB\libCH59xBLE.a(gap_peripheral.o)
 .text.gapSetConnectionlessCTEParams
                0x0000000000007406       0x54 C:\Users\44826\Desktop\Broadcaster-CH592\Broadcaster-CH592\LIB\libCH59xBLE.a(gap_peripheral.o)
 .text.gapSetAdvParams
                0x000000000000745a       0xfc C:\Users\44826\Desktop\Broadcaster-CH592\Broadcaster-CH592\LIB\libCH59xBLE.a(gap_peripheral.o)
 .text.gapPeriProcessConnEvt
                0x0000000000007556       0xd0 C:\Users\44826\Desktop\Broadcaster-CH592\Broadcaster-CH592\LIB\libCH59xBLE.a(gap_peripheral.o)
 .text.gapWriteAdvDataStatus
                0x0000000000007626       0x8a C:\Users\44826\Desktop\Broadcaster-CH592\Broadcaster-CH592\LIB\libCH59xBLE.a(gap_peripheral.o)
 .text.GAP_MakeDiscoverable
                0x00000000000076b0      0x174 C:\Users\44826\Desktop\Broadcaster-CH592\Broadcaster-CH592\LIB\libCH59xBLE.a(gap_peripheral.o)
                0x00000000000076b0                GAP_MakeDiscoverable
 .text.GAP_EndDiscoverable
                0x0000000000007824       0x66 C:\Users\44826\Desktop\Broadcaster-CH592\Broadcaster-CH592\LIB\libCH59xBLE.a(gap_peripheral.o)
                0x0000000000007824                GAP_EndDiscoverable
 .text.gapProcessAdvertisingEvt
                0x000000000000788a      0x116 C:\Users\44826\Desktop\Broadcaster-CH592\Broadcaster-CH592\LIB\libCH59xBLE.a(gap_peripheral.o)
 .text.GAP_MakePeriodic
                0x00000000000079a0       0x26 C:\Users\44826\Desktop\Broadcaster-CH592\Broadcaster-CH592\LIB\libCH59xBLE.a(gap_peripheral.o)
                0x00000000000079a0                GAP_MakePeriodic
 .text.GAP_EndPeriodic
                0x00000000000079c6        0xc C:\Users\44826\Desktop\Broadcaster-CH592\Broadcaster-CH592\LIB\libCH59xBLE.a(gap_peripheral.o)
                0x00000000000079c6                GAP_EndPeriodic
 .text.GAP_MakeConnecttionlessCTE
                0x00000000000079d2       0x1a C:\Users\44826\Desktop\Broadcaster-CH592\Broadcaster-CH592\LIB\libCH59xBLE.a(gap_peripheral.o)
                0x00000000000079d2                GAP_MakeConnecttionlessCTE
 .text.GAP_EndConnecttionlessCTE
                0x00000000000079ec        0xc C:\Users\44826\Desktop\Broadcaster-CH592\Broadcaster-CH592\LIB\libCH59xBLE.a(gap_peripheral.o)
                0x00000000000079ec                GAP_EndConnecttionlessCTE
 .text.GAP_UpdateAdvertisingData
                0x00000000000079f8      0x136 C:\Users\44826\Desktop\Broadcaster-CH592\Broadcaster-CH592\LIB\libCH59xBLE.a(gap_peripheral.o)
                0x00000000000079f8                GAP_UpdateAdvertisingData
 .text.GAP_SetAdvertisingAdvData
                0x0000000000007b2e      0x102 C:\Users\44826\Desktop\Broadcaster-CH592\Broadcaster-CH592\LIB\libCH59xBLE.a(gap_peripheral.o)
                0x0000000000007b2e                GAP_SetAdvertisingAdvData
 .text.GAP_SetAdvertisingRspData
                0x0000000000007c30      0x102 C:\Users\44826\Desktop\Broadcaster-CH592\Broadcaster-CH592\LIB\libCH59xBLE.a(gap_peripheral.o)
                0x0000000000007c30                GAP_SetAdvertisingRspData
 .text.GAP_SetPeriodicAdvertisingData
                0x0000000000007d32       0xc6 C:\Users\44826\Desktop\Broadcaster-CH592\Broadcaster-CH592\LIB\libCH59xBLE.a(gap_peripheral.o)
                0x0000000000007d32                GAP_SetPeriodicAdvertisingData
 .text.GAP_GetAdvertisingAdvData
                0x0000000000007df8       0x26 C:\Users\44826\Desktop\Broadcaster-CH592\Broadcaster-CH592\LIB\libCH59xBLE.a(gap_peripheral.o)
                0x0000000000007df8                GAP_GetAdvertisingAdvData
 .text.GAP_GetAdvertisingRspData
                0x0000000000007e1e       0x34 C:\Users\44826\Desktop\Broadcaster-CH592\Broadcaster-CH592\LIB\libCH59xBLE.a(gap_peripheral.o)
                0x0000000000007e1e                GAP_GetAdvertisingRspData
 .text.GAP_GetPeriodicAdvertisingData
                0x0000000000007e52       0x34 C:\Users\44826\Desktop\Broadcaster-CH592\Broadcaster-CH592\LIB\libCH59xBLE.a(gap_peripheral.o)
                0x0000000000007e52                GAP_GetPeriodicAdvertisingData
 .text.GAP_PeriConnRegister
                0x0000000000007e86       0x2e C:\Users\44826\Desktop\Broadcaster-CH592\Broadcaster-CH592\LIB\libCH59xBLE.a(gap_peripheral.o)
                0x0000000000007e86                GAP_PeriConnRegister
 .text.GAP_PeripheralParamInit
                0x0000000000007eb4       0x6c C:\Users\44826\Desktop\Broadcaster-CH592\Broadcaster-CH592\LIB\libCH59xBLE.a(gap_peripheral.o)
                0x0000000000007eb4                GAP_PeripheralParamInit
 .text.gapSendMakeDiscEvent
                0x0000000000007f20       0x50 C:\Users\44826\Desktop\Broadcaster-CH592\Broadcaster-CH592\LIB\libCH59xBLE.a(gap_peripheral.o)
                0x0000000000007f20                gapSendMakeDiscEvent
 .text.gapWriteAdvEnableStatus
                0x0000000000007f70      0x10e C:\Users\44826\Desktop\Broadcaster-CH592\Broadcaster-CH592\LIB\libCH59xBLE.a(gap_peripheral.o)
 .text.gapSendMakePeriodicEvent
                0x000000000000807e       0x3a C:\Users\44826\Desktop\Broadcaster-CH592\Broadcaster-CH592\LIB\libCH59xBLE.a(gap_peripheral.o)
                0x000000000000807e                gapSendMakePeriodicEvent
 .text.gapSendMakeConnectionlessCTEEvent
                0x00000000000080b8       0x3a C:\Users\44826\Desktop\Broadcaster-CH592\Broadcaster-CH592\LIB\libCH59xBLE.a(gap_peripheral.o)
                0x00000000000080b8                gapSendMakeConnectionlessCTEEvent
 .text.gapPeriProcessHCICmdCompleteEvt
                0x00000000000080f2      0x22c C:\Users\44826\Desktop\Broadcaster-CH592\Broadcaster-CH592\LIB\libCH59xBLE.a(gap_peripheral.o)
 .text.GAP_PeriDevMgrInit
                0x000000000000831e       0x2e C:\Users\44826\Desktop\Broadcaster-CH592\Broadcaster-CH592\LIB\libCH59xBLE.a(gap_peripheral.o)
                0x000000000000831e                GAP_PeriDevMgrInit
 .text.gattProcessExchangeMTUReq
                0x000000000000834c        0x4 C:\Users\44826\Desktop\Broadcaster-CH592\Broadcaster-CH592\LIB\libCH59xBLE.a(gattservapp.o)
 .text.gattServApp_FindCharCfgItem
                0x0000000000008350       0x24 C:\Users\44826\Desktop\Broadcaster-CH592\Broadcaster-CH592\LIB\libCH59xBLE.a(gattservapp.o)
 .text.gattServerHandleTimerCB
                0x0000000000008374       0x3c C:\Users\44826\Desktop\Broadcaster-CH592\Broadcaster-CH592\LIB\libCH59xBLE.a(gattservapp.o)
 .text.GATTServApp_InitCharCfg.part.12
                0x00000000000083b0       0x20 C:\Users\44826\Desktop\Broadcaster-CH592\Broadcaster-CH592\LIB\libCH59xBLE.a(gattservapp.o)
 .text.gattProcessExecuteWriteReq
                0x00000000000083d0        0x4 C:\Users\44826\Desktop\Broadcaster-CH592\Broadcaster-CH592\LIB\libCH59xBLE.a(gattservapp.o)
 .text.GATTServApp_ParamInit
                0x00000000000083d4       0xd6 C:\Users\44826\Desktop\Broadcaster-CH592\Broadcaster-CH592\LIB\libCH59xBLE.a(gattservapp.o)
                0x00000000000083d4                GATTServApp_ParamInit
 .text.GATTServApp_ReadCharCfg
                0x00000000000084aa       0x16 C:\Users\44826\Desktop\Broadcaster-CH592\Broadcaster-CH592\LIB\libCH59xBLE.a(gattservapp.o)
                0x00000000000084aa                GATTServApp_ReadCharCfg
 .text.GATTServApp_WriteCharCfg
                0x00000000000084c0       0x38 C:\Users\44826\Desktop\Broadcaster-CH592\Broadcaster-CH592\LIB\libCH59xBLE.a(gattservapp.o)
                0x00000000000084c0                GATTServApp_WriteCharCfg
 .text.GATTServApp_ProcessCCCWriteReq
                0x00000000000084f8       0x5c C:\Users\44826\Desktop\Broadcaster-CH592\Broadcaster-CH592\LIB\libCH59xBLE.a(gattservapp.o)
                0x00000000000084f8                GATTServApp_ProcessCCCWriteReq
 .text.gattServApp_WriteAttrCB
                0x0000000000008554       0x32 C:\Users\44826\Desktop\Broadcaster-CH592\Broadcaster-CH592\LIB\libCH59xBLE.a(gattservapp.o)
                0x0000000000008554                gattServApp_WriteAttrCB
 .text.GATTServApp_SendCCCUpdatedEvent
                0x0000000000008586       0x5e C:\Users\44826\Desktop\Broadcaster-CH592\Broadcaster-CH592\LIB\libCH59xBLE.a(gattservapp.o)
                0x0000000000008586                GATTServApp_SendCCCUpdatedEvent
 .text.GATTServApp_SendServiceChangedInd
                0x00000000000085e4       0x34 C:\Users\44826\Desktop\Broadcaster-CH592\Broadcaster-CH592\LIB\libCH59xBLE.a(gattservapp.o)
                0x00000000000085e4                GATTServApp_SendServiceChangedInd
 .text.gattServApp_ClearPrepareWriteQ
                0x0000000000008618       0x50 C:\Users\44826\Desktop\Broadcaster-CH592\Broadcaster-CH592\LIB\libCH59xBLE.a(gattservapp.o)
                0x0000000000008618                gattServApp_ClearPrepareWriteQ
 .text.gattServApp_FindPrepareWriteQ
                0x0000000000008668       0x30 C:\Users\44826\Desktop\Broadcaster-CH592\Broadcaster-CH592\LIB\libCH59xBLE.a(gattservapp.o)
                0x0000000000008668                gattServApp_FindPrepareWriteQ
 .text.gattServApp_FindServiceCBs
                0x0000000000008698       0x18 C:\Users\44826\Desktop\Broadcaster-CH592\Broadcaster-CH592\LIB\libCH59xBLE.a(gattservapp.o)
                0x0000000000008698                gattServApp_FindServiceCBs
 .text.gattServApp_FindAuthorizeAttrCB
                0x00000000000086b0       0x14 C:\Users\44826\Desktop\Broadcaster-CH592\Broadcaster-CH592\LIB\libCH59xBLE.a(gattservapp.o)
                0x00000000000086b0                gattServApp_FindAuthorizeAttrCB
 .text.gattServApp_IsWriteLong
                0x00000000000086c4       0xea C:\Users\44826\Desktop\Broadcaster-CH592\Broadcaster-CH592\LIB\libCH59xBLE.a(gattservapp.o)
                0x00000000000086c4                gattServApp_IsWriteLong
 .text.gattFindService
                0x00000000000087ae       0x1c C:\Users\44826\Desktop\Broadcaster-CH592\Broadcaster-CH592\LIB\libCH59xBLE.a(gattservapp.o)
                0x00000000000087ae                gattFindService
 .text.GATT_ServiceNumAttrs
                0x00000000000087ca       0x16 C:\Users\44826\Desktop\Broadcaster-CH592\Broadcaster-CH592\LIB\libCH59xBLE.a(gattservapp.o)
                0x00000000000087ca                GATT_ServiceNumAttrs
 .text.GATT_ServiceEncKeySize
                0x00000000000087e0       0x16 C:\Users\44826\Desktop\Broadcaster-CH592\Broadcaster-CH592\LIB\libCH59xBLE.a(gattservapp.o)
                0x00000000000087e0                GATT_ServiceEncKeySize
 .text.GATT_VerifyWritePermissions.part.7
                0x00000000000087f6       0x2c C:\Users\44826\Desktop\Broadcaster-CH592\Broadcaster-CH592\LIB\libCH59xBLE.a(gattservapp.o)
 .text.gattResetServerInfo
                0x0000000000008822       0x1c C:\Users\44826\Desktop\Broadcaster-CH592\Broadcaster-CH592\LIB\libCH59xBLE.a(gattservapp.o)
                0x0000000000008822                gattResetServerInfo
 .text.gattFindServerInfo
                0x000000000000883e       0x2c C:\Users\44826\Desktop\Broadcaster-CH592\Broadcaster-CH592\LIB\libCH59xBLE.a(gattservapp.o)
                0x000000000000883e                gattFindServerInfo
 .text.gattServerHandleConnStatusCB
                0x000000000000886a       0x8e C:\Users\44826\Desktop\Broadcaster-CH592\Broadcaster-CH592\LIB\libCH59xBLE.a(gattservapp.o)
                0x000000000000886a                gattServerHandleConnStatusCB
 .text.gattServerProcessMsgCB
                0x00000000000088f8      0x1ba C:\Users\44826\Desktop\Broadcaster-CH592\Broadcaster-CH592\LIB\libCH59xBLE.a(gattservapp.o)
                0x00000000000088f8                gattServerProcessMsgCB
 .text.gattServerNotifyTxCB
                0x0000000000008ab2       0x28 C:\Users\44826\Desktop\Broadcaster-CH592\Broadcaster-CH592\LIB\libCH59xBLE.a(gattservapp.o)
 .text.GATT_FindHandle
                0x0000000000008ada       0x4a C:\Users\44826\Desktop\Broadcaster-CH592\Broadcaster-CH592\LIB\libCH59xBLE.a(gattservapp.o)
                0x0000000000008ada                GATT_FindHandle
 .text.GATTServApp_WriteAttr
                0x0000000000008b24       0xa6 C:\Users\44826\Desktop\Broadcaster-CH592\Broadcaster-CH592\LIB\libCH59xBLE.a(gattservapp.o)
                0x0000000000008b24                GATTServApp_WriteAttr
 .text.gattServApp_ProcessExecuteWriteReq
                0x0000000000008bca       0xfe C:\Users\44826\Desktop\Broadcaster-CH592\Broadcaster-CH592\LIB\libCH59xBLE.a(gattservapp.o)
                0x0000000000008bca                gattServApp_ProcessExecuteWriteReq
 .text.gattServApp_ProcessPrepareWriteReq
                0x0000000000008cc8      0x10e C:\Users\44826\Desktop\Broadcaster-CH592\Broadcaster-CH592\LIB\libCH59xBLE.a(gattservapp.o)
                0x0000000000008cc8                gattServApp_ProcessPrepareWriteReq
 .text.gattServApp_ProcessWriteReq
                0x0000000000008dd6       0xb0 C:\Users\44826\Desktop\Broadcaster-CH592\Broadcaster-CH592\LIB\libCH59xBLE.a(gattservapp.o)
                0x0000000000008dd6                gattServApp_ProcessWriteReq
 .text.GATT_Indication
                0x0000000000008e86       0xa4 C:\Users\44826\Desktop\Broadcaster-CH592\Broadcaster-CH592\LIB\libCH59xBLE.a(gattservapp.o)
                0x0000000000008e86                GATT_Indication
 .text.GATT_FindHandleUUID
                0x0000000000008f2a       0x94 C:\Users\44826\Desktop\Broadcaster-CH592\Broadcaster-CH592\LIB\libCH59xBLE.a(gattservapp.o)
                0x0000000000008f2a                GATT_FindHandleUUID
 .text.gattProcessReadByGrpTypeReq
                0x0000000000008fbe       0x60 C:\Users\44826\Desktop\Broadcaster-CH592\Broadcaster-CH592\LIB\libCH59xBLE.a(gattservapp.o)
 .text.gattProcessReadByTypeReq
                0x000000000000901e       0x34 C:\Users\44826\Desktop\Broadcaster-CH592\Broadcaster-CH592\LIB\libCH59xBLE.a(gattservapp.o)
 .text.gattProcessFindByTypeValueReq
                0x0000000000009052       0x34 C:\Users\44826\Desktop\Broadcaster-CH592\Broadcaster-CH592\LIB\libCH59xBLE.a(gattservapp.o)
 .text.gattProcessFindInfoReq
                0x0000000000009086      0x1aa C:\Users\44826\Desktop\Broadcaster-CH592\Broadcaster-CH592\LIB\libCH59xBLE.a(gattservapp.o)
 .text.GATT_VerifyWritePermissions
                0x0000000000009230       0x6a C:\Users\44826\Desktop\Broadcaster-CH592\Broadcaster-CH592\LIB\libCH59xBLE.a(gattservapp.o)
                0x0000000000009230                GATT_VerifyWritePermissions
 .text.gattProcessWriteReq
                0x000000000000929a       0x36 C:\Users\44826\Desktop\Broadcaster-CH592\Broadcaster-CH592\LIB\libCH59xBLE.a(gattservapp.o)
 .text.GATT_VerifyPrepareWritePermissions
                0x00000000000092d0       0x56 C:\Users\44826\Desktop\Broadcaster-CH592\Broadcaster-CH592\LIB\libCH59xBLE.a(gattservapp.o)
                0x00000000000092d0                GATT_VerifyPrepareWritePermissions
 .text.gattProcessPrepareWriteReq
                0x0000000000009326       0x36 C:\Users\44826\Desktop\Broadcaster-CH592\Broadcaster-CH592\LIB\libCH59xBLE.a(gattservapp.o)
 .text.GATT_FindNextAttr
                0x000000000000935c       0xc2 C:\Users\44826\Desktop\Broadcaster-CH592\Broadcaster-CH592\LIB\libCH59xBLE.a(gattservapp.o)
                0x000000000000935c                GATT_FindNextAttr
 .text.GATTServApp_ReadAttr
                0x000000000000941e      0x2ea C:\Users\44826\Desktop\Broadcaster-CH592\Broadcaster-CH592\LIB\libCH59xBLE.a(gattservapp.o)
                0x000000000000941e                GATTServApp_ReadAttr
 .text.gattServApp_ProcessReadMultiReq
                0x0000000000009708      0x16e C:\Users\44826\Desktop\Broadcaster-CH592\Broadcaster-CH592\LIB\libCH59xBLE.a(gattservapp.o)
                0x0000000000009708                gattServApp_ProcessReadMultiReq
 .text.gattServApp_ProcessFindByTypeValueReq
                0x0000000000009876      0x1a0 C:\Users\44826\Desktop\Broadcaster-CH592\Broadcaster-CH592\LIB\libCH59xBLE.a(gattservapp.o)
                0x0000000000009876                gattServApp_ProcessFindByTypeValueReq
 .text.GATT_VerifyReadPermissions
                0x0000000000009a16       0x68 C:\Users\44826\Desktop\Broadcaster-CH592\Broadcaster-CH592\LIB\libCH59xBLE.a(gattservapp.o)
                0x0000000000009a16                GATT_VerifyReadPermissions
 .text.gattProcessReadMultiReq
                0x0000000000009a7e       0xae C:\Users\44826\Desktop\Broadcaster-CH592\Broadcaster-CH592\LIB\libCH59xBLE.a(gattservapp.o)
 .text.gattProcessReadReq
                0x0000000000009b2c       0x30 C:\Users\44826\Desktop\Broadcaster-CH592\Broadcaster-CH592\LIB\libCH59xBLE.a(gattservapp.o)
 .text.gattServApp_ProcessReadByGrpTypeReq
                0x0000000000009b5c      0x21c C:\Users\44826\Desktop\Broadcaster-CH592\Broadcaster-CH592\LIB\libCH59xBLE.a(gattservapp.o)
                0x0000000000009b5c                gattServApp_ProcessReadByGrpTypeReq
 .text.gattServApp_ProcessReadByTypeReq
                0x0000000000009d78      0x1ae C:\Users\44826\Desktop\Broadcaster-CH592\Broadcaster-CH592\LIB\libCH59xBLE.a(gattservapp.o)
                0x0000000000009d78                gattServApp_ProcessReadByTypeReq
 .text.GATTServApp_InitCharCfg
                0x0000000000009f26       0x28 C:\Users\44826\Desktop\Broadcaster-CH592\Broadcaster-CH592\LIB\libCH59xBLE.a(gattservapp.o)
                0x0000000000009f26                GATTServApp_InitCharCfg
 .text.gattServApp_HandleConnStatusCB
                0x0000000000009f4e       0x74 C:\Users\44826\Desktop\Broadcaster-CH592\Broadcaster-CH592\LIB\libCH59xBLE.a(gattservapp.o)
                0x0000000000009f4e                gattServApp_HandleConnStatusCB
 .text.GATT_InitServer
                0x0000000000009fc2       0xfa C:\Users\44826\Desktop\Broadcaster-CH592\Broadcaster-CH592\LIB\libCH59xBLE.a(gattservapp.o)
                0x0000000000009fc2                GATT_InitServer
 .text.GATTServApp_Init
                0x000000000000a0bc       0x34 C:\Users\44826\Desktop\Broadcaster-CH592\Broadcaster-CH592\LIB\libCH59xBLE.a(gattservapp.o)
                0x000000000000a0bc                GATTServApp_Init
 .text.GATTServApp_ProcessEvent
                0x000000000000a0f0      0x36a C:\Users\44826\Desktop\Broadcaster-CH592\Broadcaster-CH592\LIB\libCH59xBLE.a(gattservapp.o)
                0x000000000000a0f0                GATTServApp_ProcessEvent
 .text.l2capAllocConnChannel
                0x000000000000a45a       0xe0 C:\Users\44826\Desktop\Broadcaster-CH592\Broadcaster-CH592\LIB\libCH59xBLE.a(l2cap.o)
                0x000000000000a45a                l2capAllocConnChannel
 .text.l2capFindLocalCID
                0x000000000000a53a       0x2c C:\Users\44826\Desktop\Broadcaster-CH592\Broadcaster-CH592\LIB\libCH59xBLE.a(l2cap.o)
                0x000000000000a53a                l2capFindLocalCID
 .text.l2capFindLocalId
                0x000000000000a566       0x30 C:\Users\44826\Desktop\Broadcaster-CH592\Broadcaster-CH592\LIB\libCH59xBLE.a(l2cap.o)
                0x000000000000a566                l2capFindLocalId
 .text.l2capFindPsm
                0x000000000000a596       0x30 C:\Users\44826\Desktop\Broadcaster-CH592\Broadcaster-CH592\LIB\libCH59xBLE.a(l2cap.o)
                0x000000000000a596                l2capFindPsm
 .text.l2capFindRemoteCID
                0x000000000000a5c6       0x3c C:\Users\44826\Desktop\Broadcaster-CH592\Broadcaster-CH592\LIB\libCH59xBLE.a(l2cap.o)
                0x000000000000a5c6                l2capFindRemoteCID
 .text.l2capFreeChannel
                0x000000000000a602       0x4e C:\Users\44826\Desktop\Broadcaster-CH592\Broadcaster-CH592\LIB\libCH59xBLE.a(l2cap.o)
                0x000000000000a602                l2capFreeChannel
 .text.l2capDisconnectChannel
                0x000000000000a650       0x28 C:\Users\44826\Desktop\Broadcaster-CH592\Broadcaster-CH592\LIB\libCH59xBLE.a(l2cap.o)
                0x000000000000a650                l2capDisconnectChannel
 .text.l2capHandleTimerCB
                0x000000000000a678       0x2c C:\Users\44826\Desktop\Broadcaster-CH592\Broadcaster-CH592\LIB\libCH59xBLE.a(l2cap.o)
                0x000000000000a678                l2capHandleTimerCB
 .text.l2capFreePendingPkt
                0x000000000000a6a4       0x58 C:\Users\44826\Desktop\Broadcaster-CH592\Broadcaster-CH592\LIB\libCH59xBLE.a(l2cap.o)
                0x000000000000a6a4                l2capFreePendingPkt
 .text.l2capGetCoChannelInfo
                0x000000000000a6fc       0x86 C:\Users\44826\Desktop\Broadcaster-CH592\Broadcaster-CH592\LIB\libCH59xBLE.a(l2cap.o)
                0x000000000000a6fc                l2capGetCoChannelInfo
 .text.l2capNumActiveChannnels
                0x000000000000a782       0x48 C:\Users\44826\Desktop\Broadcaster-CH592\Broadcaster-CH592\LIB\libCH59xBLE.a(l2cap.o)
                0x000000000000a782                l2capNumActiveChannnels
 .text.l2capStartTimer
                0x000000000000a7ca       0x1a C:\Users\44826\Desktop\Broadcaster-CH592\Broadcaster-CH592\LIB\libCH59xBLE.a(l2cap.o)
                0x000000000000a7ca                l2capStartTimer
 .text.l2capStopTimer
                0x000000000000a7e4       0x1e C:\Users\44826\Desktop\Broadcaster-CH592\Broadcaster-CH592\LIB\libCH59xBLE.a(l2cap.o)
                0x000000000000a7e4                l2capStopTimer
 .text.l2capDisconnectAllChannels
                0x000000000000a802       0xdc C:\Users\44826\Desktop\Broadcaster-CH592\Broadcaster-CH592\LIB\libCH59xBLE.a(l2cap.o)
                0x000000000000a802                l2capDisconnectAllChannels
 .text.l2capHandleConnStatusCB
                0x000000000000a8de       0x3c C:\Users\44826\Desktop\Broadcaster-CH592\Broadcaster-CH592\LIB\libCH59xBLE.a(l2cap.o)
                0x000000000000a8de                l2capHandleConnStatusCB
 .text.l2capHandleRxError
                0x000000000000a91a        0x6 C:\Users\44826\Desktop\Broadcaster-CH592\Broadcaster-CH592\LIB\libCH59xBLE.a(l2cap.o)
                0x000000000000a91a                l2capHandleRxError
 .text.L2CAP_GetMTU
                0x000000000000a920        0x6 C:\Users\44826\Desktop\Broadcaster-CH592\Broadcaster-CH592\LIB\libCH59xBLE.a(l2cap.o)
                0x000000000000a920                L2CAP_GetMTU
 .text.L2CAP_HostNumCompletedPkts
                0x000000000000a926       0x28 C:\Users\44826\Desktop\Broadcaster-CH592\Broadcaster-CH592\LIB\libCH59xBLE.a(l2cap.o)
                0x000000000000a926                L2CAP_HostNumCompletedPkts
 .text.L2CAP_ParseConnectReq
                0x000000000000a94e       0x5e C:\Users\44826\Desktop\Broadcaster-CH592\Broadcaster-CH592\LIB\libCH59xBLE.a(l2cap.o)
                0x000000000000a94e                L2CAP_ParseConnectReq
 .text.L2CAP_ParseFlowCtrlCredit
                0x000000000000a9ac       0x2e C:\Users\44826\Desktop\Broadcaster-CH592\Broadcaster-CH592\LIB\libCH59xBLE.a(l2cap.o)
                0x000000000000a9ac                L2CAP_ParseFlowCtrlCredit
 .text.L2CAP_RegisterApp
                0x000000000000a9da       0x30 C:\Users\44826\Desktop\Broadcaster-CH592\Broadcaster-CH592\LIB\libCH59xBLE.a(l2cap.o)
                0x000000000000a9da                L2CAP_RegisterApp
 .text.L2CAP_SetBufSize
                0x000000000000aa0a       0x1e C:\Users\44826\Desktop\Broadcaster-CH592\Broadcaster-CH592\LIB\libCH59xBLE.a(l2cap.o)
                0x000000000000aa0a                L2CAP_SetBufSize
 .text.L2CAP_bm_alloc
                0x000000000000aa28       0x2a C:\Users\44826\Desktop\Broadcaster-CH592\Broadcaster-CH592\LIB\libCH59xBLE.a(l2cap.o)
                0x000000000000aa28                L2CAP_bm_alloc
 .text.L2CAP_Init
                0x000000000000aa52      0x15e C:\Users\44826\Desktop\Broadcaster-CH592\Broadcaster-CH592\LIB\libCH59xBLE.a(l2cap.o)
                0x000000000000aa52                L2CAP_Init
 .text.L2CAP_ProcessEvent
                0x000000000000abb0       0xd4 C:\Users\44826\Desktop\Broadcaster-CH592\Broadcaster-CH592\LIB\libCH59xBLE.a(l2cap.o)
                0x000000000000abb0                L2CAP_ProcessEvent
 .text.l2capParseCmdReject
                0x000000000000ac84       0x5e C:\Users\44826\Desktop\Broadcaster-CH592\Broadcaster-CH592\LIB\libCH59xBLE.a(l2cap_input.o)
                0x000000000000ac84                l2capParseCmdReject
 .text.l2capParseDisconnectReq
                0x000000000000ace2       0x2e C:\Users\44826\Desktop\Broadcaster-CH592\Broadcaster-CH592\LIB\libCH59xBLE.a(l2cap_input.o)
                0x000000000000ace2                l2capParseDisconnectReq
 .text.l2capParseDisconnectRsp
                0x000000000000ad10       0x2e C:\Users\44826\Desktop\Broadcaster-CH592\Broadcaster-CH592\LIB\libCH59xBLE.a(l2cap_input.o)
                0x000000000000ad10                l2capParseDisconnectRsp
 .text.L2CAP_ParseParamUpdateReq
                0x000000000000ad3e       0x4e C:\Users\44826\Desktop\Broadcaster-CH592\Broadcaster-CH592\LIB\libCH59xBLE.a(l2cap_input.o)
                0x000000000000ad3e                L2CAP_ParseParamUpdateReq
 .text.l2capParseParamUpdateRsp
                0x000000000000ad8c       0x1e C:\Users\44826\Desktop\Broadcaster-CH592\Broadcaster-CH592\LIB\libCH59xBLE.a(l2cap_input.o)
                0x000000000000ad8c                l2capParseParamUpdateRsp
 .text.l2capProcessConnectReq
                0x000000000000adaa       0xfc C:\Users\44826\Desktop\Broadcaster-CH592\Broadcaster-CH592\LIB\libCH59xBLE.a(l2cap_input.o)
                0x000000000000adaa                l2capProcessConnectReq
 .text.l2capParseConnectRsp
                0x000000000000aea6       0x5e C:\Users\44826\Desktop\Broadcaster-CH592\Broadcaster-CH592\LIB\libCH59xBLE.a(l2cap_input.o)
                0x000000000000aea6                l2capParseConnectRsp
 .text.l2capParseSignalHdr
                0x000000000000af04       0x22 C:\Users\44826\Desktop\Broadcaster-CH592\Broadcaster-CH592\LIB\libCH59xBLE.a(l2cap_input.o)
                0x000000000000af04                l2capParseSignalHdr
 .text.l2capParsePacket
                0x000000000000af26       0x8c C:\Users\44826\Desktop\Broadcaster-CH592\Broadcaster-CH592\LIB\libCH59xBLE.a(l2cap_input.o)
                0x000000000000af26                l2capParsePacket
 .text.l2capProcessReq
                0x000000000000afb2      0x15e C:\Users\44826\Desktop\Broadcaster-CH592\Broadcaster-CH592\LIB\libCH59xBLE.a(l2cap_input.o)
                0x000000000000afb2                l2capProcessReq
 .text.l2capProcessRsp
                0x000000000000b110      0x150 C:\Users\44826\Desktop\Broadcaster-CH592\Broadcaster-CH592\LIB\libCH59xBLE.a(l2cap_input.o)
                0x000000000000b110                l2capProcessRsp
 .text.l2capProcessRxData
                0x000000000000b260       0xf8 C:\Users\44826\Desktop\Broadcaster-CH592\Broadcaster-CH592\LIB\libCH59xBLE.a(l2cap_input.o)
                0x000000000000b260                l2capProcessRxData
 .text.l2capNotifyData
                0x000000000000b358       0x5e C:\Users\44826\Desktop\Broadcaster-CH592\Broadcaster-CH592\LIB\libCH59xBLE.a(l2cap_output.o)
                0x000000000000b358                l2capNotifyData
 .text.l2capNotifySignal
                0x000000000000b3b6       0x7a C:\Users\44826\Desktop\Broadcaster-CH592\Broadcaster-CH592\LIB\libCH59xBLE.a(l2cap_output.o)
                0x000000000000b3b6                l2capNotifySignal
 .text.l2capNotifyCreditEvt
                0x000000000000b430       0xa4 C:\Users\44826\Desktop\Broadcaster-CH592\Broadcaster-CH592\LIB\libCH59xBLE.a(l2cap_output.o)
                0x000000000000b430                l2capNotifyCreditEvt
 .text.l2capNotifyChannelEstEvt
                0x000000000000b4d4       0x5c C:\Users\44826\Desktop\Broadcaster-CH592\Broadcaster-CH592\LIB\libCH59xBLE.a(l2cap_output.o)
                0x000000000000b4d4                l2capNotifyChannelEstEvt
 .text.l2capNotifyChannelTermEvt
                0x000000000000b530       0x3e C:\Users\44826\Desktop\Broadcaster-CH592\Broadcaster-CH592\LIB\libCH59xBLE.a(l2cap_output.o)
                0x000000000000b530                l2capNotifyChannelTermEvt
 .text.l2capNotifyEvent
                0x000000000000b56e       0x66 C:\Users\44826\Desktop\Broadcaster-CH592\Broadcaster-CH592\LIB\libCH59xBLE.a(l2cap_output.o)
                0x000000000000b56e                l2capNotifyEvent
 .text.l2capStoreFCPkt
                0x000000000000b5d4       0x32 C:\Users\44826\Desktop\Broadcaster-CH592\Broadcaster-CH592\LIB\libCH59xBLE.a(l2cap_output.o)
                0x000000000000b5d4                l2capStoreFCPkt
 .text.l2capFreeTxSDU
                0x000000000000b606       0x9e C:\Users\44826\Desktop\Broadcaster-CH592\Broadcaster-CH592\LIB\libCH59xBLE.a(l2cap_output.o)
                0x000000000000b606                l2capFreeTxSDU
 .text.l2capReassembleSegment
                0x000000000000b6a4      0x178 C:\Users\44826\Desktop\Broadcaster-CH592\Broadcaster-CH592\LIB\libCH59xBLE.a(l2cap_output.o)
                0x000000000000b6a4                l2capReassembleSegment
 .text.l2capEncapSendData
                0x000000000000b81c       0xf0 C:\Users\44826\Desktop\Broadcaster-CH592\Broadcaster-CH592\LIB\libCH59xBLE.a(l2cap_output.o)
                0x000000000000b81c                l2capEncapSendData
 .text.l2capSendFCPkt.part.3
                0x000000000000b90c       0x70 C:\Users\44826\Desktop\Broadcaster-CH592\Broadcaster-CH592\LIB\libCH59xBLE.a(l2cap_output.o)
 .text.l2capSendSegment
                0x000000000000b97c      0x108 C:\Users\44826\Desktop\Broadcaster-CH592\Broadcaster-CH592\LIB\libCH59xBLE.a(l2cap_output.o)
                0x000000000000b97c                l2capSendSegment
 .text.l2capSendNextSegment
                0x000000000000ba84       0xb4 C:\Users\44826\Desktop\Broadcaster-CH592\Broadcaster-CH592\LIB\libCH59xBLE.a(l2cap_output.o)
                0x000000000000ba84                l2capSendNextSegment
 .text.l2capSendPkt
                0x000000000000bb38       0x3a C:\Users\44826\Desktop\Broadcaster-CH592\Broadcaster-CH592\LIB\libCH59xBLE.a(l2cap_output.o)
                0x000000000000bb38                l2capSendPkt
 .text.L2CAP_SendData
                0x000000000000bb72       0x82 C:\Users\44826\Desktop\Broadcaster-CH592\Broadcaster-CH592\LIB\libCH59xBLE.a(l2cap_output.o)
                0x000000000000bb72                L2CAP_SendData
 .text.l2capSendCmd
                0x000000000000bbf4       0x8a C:\Users\44826\Desktop\Broadcaster-CH592\Broadcaster-CH592\LIB\libCH59xBLE.a(l2cap_output.o)
                0x000000000000bbf4                l2capSendCmd
 .text.l2capSendReq
                0x000000000000bc7e       0xc8 C:\Users\44826\Desktop\Broadcaster-CH592\Broadcaster-CH592\LIB\libCH59xBLE.a(l2cap_output.o)
                0x000000000000bc7e                l2capSendReq
 .text.l2capBuildDisconnectReq
                0x000000000000bd46       0x28 C:\Users\44826\Desktop\Broadcaster-CH592\Broadcaster-CH592\LIB\libCH59xBLE.a(l2cap_sdu.o)
 .text.l2capBuildParamUpdateReq
                0x000000000000bd6e       0x4c C:\Users\44826\Desktop\Broadcaster-CH592\Broadcaster-CH592\LIB\libCH59xBLE.a(l2cap_sdu.o)
 .text.l2capBuildParamUpdateRsp
                0x000000000000bdba       0x16 C:\Users\44826\Desktop\Broadcaster-CH592\Broadcaster-CH592\LIB\libCH59xBLE.a(l2cap_sdu.o)
 .text.l2capBuildConnectRsp
                0x000000000000bdd0       0x5e C:\Users\44826\Desktop\Broadcaster-CH592\Broadcaster-CH592\LIB\libCH59xBLE.a(l2cap_sdu.o)
 .text.l2capBuildCmdReject
                0x000000000000be2e       0x62 C:\Users\44826\Desktop\Broadcaster-CH592\Broadcaster-CH592\LIB\libCH59xBLE.a(l2cap_sdu.o)
                0x000000000000be2e                l2capBuildCmdReject
 .text.l2capBuildDisconnectRsp
                0x000000000000be90       0x28 C:\Users\44826\Desktop\Broadcaster-CH592\Broadcaster-CH592\LIB\libCH59xBLE.a(l2cap_sdu.o)
                0x000000000000be90                l2capBuildDisconnectRsp
 .text.l2capSendConnectRsp
                0x000000000000beb8       0xaa C:\Users\44826\Desktop\Broadcaster-CH592\Broadcaster-CH592\LIB\libCH59xBLE.a(l2cap_sdu.o)
                0x000000000000beb8                l2capSendConnectRsp
 .text.L2CAP_CmdReject
                0x000000000000bf62       0x12 C:\Users\44826\Desktop\Broadcaster-CH592\Broadcaster-CH592\LIB\libCH59xBLE.a(l2cap_sdu.o)
                0x000000000000bf62                L2CAP_CmdReject
 .text.L2CAP_DisconnectReq
                0x000000000000bf74       0x2a C:\Users\44826\Desktop\Broadcaster-CH592\Broadcaster-CH592\LIB\libCH59xBLE.a(l2cap_sdu.o)
                0x000000000000bf74                L2CAP_DisconnectReq
 .text.L2CAP_ConnParamUpdateReq
                0x000000000000bf9e       0x16 C:\Users\44826\Desktop\Broadcaster-CH592\Broadcaster-CH592\LIB\libCH59xBLE.a(l2cap_sdu.o)
                0x000000000000bf9e                L2CAP_ConnParamUpdateReq
 .text.L2CAP_ConnParamUpdateRsp
                0x000000000000bfb4       0x12 C:\Users\44826\Desktop\Broadcaster-CH592\Broadcaster-CH592\LIB\libCH59xBLE.a(l2cap_sdu.o)
                0x000000000000bfb4                L2CAP_ConnParamUpdateRsp
 .text.reportStatusChange
                0x000000000000bfc6       0x3e C:\Users\44826\Desktop\Broadcaster-CH592\Broadcaster-CH592\LIB\libCH59xBLE.a(linkdb.o)
 .text.linkDB_Init
                0x000000000000c004       0xa8 C:\Users\44826\Desktop\Broadcaster-CH592\Broadcaster-CH592\LIB\libCH59xBLE.a(linkdb.o)
                0x000000000000c004                linkDB_Init
 .text.linkDB_Find
                0x000000000000c0ac       0x34 C:\Users\44826\Desktop\Broadcaster-CH592\Broadcaster-CH592\LIB\libCH59xBLE.a(linkdb.o)
                0x000000000000c0ac                linkDB_Find
 .text.linkDB_Authen
                0x000000000000c0e0       0x5c C:\Users\44826\Desktop\Broadcaster-CH592\Broadcaster-CH592\LIB\libCH59xBLE.a(linkdb.o)
                0x000000000000c0e0                linkDB_Authen
 .text.linkDB_FindByAddr
                0x000000000000c13c       0x82 C:\Users\44826\Desktop\Broadcaster-CH592\Broadcaster-CH592\LIB\libCH59xBLE.a(linkdb.o)
                0x000000000000c13c                linkDB_FindByAddr
 .text.linkDB_FindFirst
                0x000000000000c1be       0x40 C:\Users\44826\Desktop\Broadcaster-CH592\Broadcaster-CH592\LIB\libCH59xBLE.a(linkdb.o)
                0x000000000000c1be                linkDB_FindFirst
 .text.linkDB_MTU
                0x000000000000c1fe       0x18 C:\Users\44826\Desktop\Broadcaster-CH592\Broadcaster-CH592\LIB\libCH59xBLE.a(linkdb.o)
                0x000000000000c1fe                linkDB_MTU
 .text.linkDB_NumActive
                0x000000000000c216       0x36 C:\Users\44826\Desktop\Broadcaster-CH592\Broadcaster-CH592\LIB\libCH59xBLE.a(linkdb.o)
                0x000000000000c216                linkDB_NumActive
 .text.linkDB_NumConns
                0x000000000000c24c        0xa C:\Users\44826\Desktop\Broadcaster-CH592\Broadcaster-CH592\LIB\libCH59xBLE.a(linkdb.o)
                0x000000000000c24c                linkDB_NumConns
 .text.linkDB_Register
                0x000000000000c256       0x28 C:\Users\44826\Desktop\Broadcaster-CH592\Broadcaster-CH592\LIB\libCH59xBLE.a(linkdb.o)
                0x000000000000c256                linkDB_Register
 .text.linkDB_Remove
                0x000000000000c27e       0x4c C:\Users\44826\Desktop\Broadcaster-CH592\Broadcaster-CH592\LIB\libCH59xBLE.a(linkdb.o)
                0x000000000000c27e                linkDB_Remove
 .text.linkDB_Role
                0x000000000000c2ca       0x18 C:\Users\44826\Desktop\Broadcaster-CH592\Broadcaster-CH592\LIB\libCH59xBLE.a(linkdb.o)
                0x000000000000c2ca                linkDB_Role
 .text.linkDB_State
                0x000000000000c2e2       0x30 C:\Users\44826\Desktop\Broadcaster-CH592\Broadcaster-CH592\LIB\libCH59xBLE.a(linkdb.o)
                0x000000000000c2e2                linkDB_State
 .text.linkDB_UpdateMTU
                0x000000000000c312       0x28 C:\Users\44826\Desktop\Broadcaster-CH592\Broadcaster-CH592\LIB\libCH59xBLE.a(linkdb.o)
                0x000000000000c312                linkDB_UpdateMTU
 .text.linkDB_PerformFunc
                0x000000000000c33a       0x5a C:\Users\44826\Desktop\Broadcaster-CH592\Broadcaster-CH592\LIB\libCH59xBLE.a(linkdb.o)
                0x000000000000c33a                linkDB_PerformFunc
 .text.linkDB_GetSMEvtID
                0x000000000000c394       0x60 C:\Users\44826\Desktop\Broadcaster-CH592\Broadcaster-CH592\LIB\libCH59xBLE.a(linkdb.o)
                0x000000000000c394                linkDB_GetSMEvtID
 .text.linkDB_Add
                0x000000000000c3f4       0xb2 C:\Users\44826\Desktop\Broadcaster-CH592\Broadcaster-CH592\LIB\libCH59xBLE.a(linkdb.o)
                0x000000000000c3f4                linkDB_Add
 .text.linkDB_GetHandleFromSMEvtID
                0x000000000000c4a6       0x3a C:\Users\44826\Desktop\Broadcaster-CH592\Broadcaster-CH592\LIB\libCH59xBLE.a(linkdb.o)
                0x000000000000c4a6                linkDB_GetHandleFromSMEvtID
 .text.linkDB_GetPairingParam
                0x000000000000c4e0       0x76 C:\Users\44826\Desktop\Broadcaster-CH592\Broadcaster-CH592\LIB\libCH59xBLE.a(linkdb.o)
                0x000000000000c4e0                linkDB_GetPairingParam
 .text.linkDB_NeedSendKey
                0x000000000000c556       0x4c C:\Users\44826\Desktop\Broadcaster-CH592\Broadcaster-CH592\LIB\libCH59xBLE.a(linkdb.o)
                0x000000000000c556                linkDB_NeedSendKey
 .text.smStartRspTimer
                0x000000000000c5a2       0x3a C:\Users\44826\Desktop\Broadcaster-CH592\Broadcaster-CH592\LIB\libCH59xBLE.a(sm.o)
 .text.smStartEncryption
                0x000000000000c5dc       0xa0 C:\Users\44826\Desktop\Broadcaster-CH592\Broadcaster-CH592\LIB\libCH59xBLE.a(sm.o)
 .text.smFreePairingParams
                0x000000000000c67c       0x7e C:\Users\44826\Desktop\Broadcaster-CH592\Broadcaster-CH592\LIB\libCH59xBLE.a(sm.o)
                0x000000000000c67c                smFreePairingParams
 .text.smEndPairing
                0x000000000000c6fa       0x60 C:\Users\44826\Desktop\Broadcaster-CH592\Broadcaster-CH592\LIB\libCH59xBLE.a(sm.o)
                0x000000000000c6fa                smEndPairing
 .text.smLinkCheck
                0x000000000000c75a       0x34 C:\Users\44826\Desktop\Broadcaster-CH592\Broadcaster-CH592\LIB\libCH59xBLE.a(sm.o)
                0x000000000000c75a                smLinkCheck
 .text.smNextPairingState
                0x000000000000c78e       0x60 C:\Users\44826\Desktop\Broadcaster-CH592\Broadcaster-CH592\LIB\libCH59xBLE.a(sm.o)
                0x000000000000c78e                smNextPairingState
 .text.smProcessEncryptChange
                0x000000000000c7ee       0xf8 C:\Users\44826\Desktop\Broadcaster-CH592\Broadcaster-CH592\LIB\libCH59xBLE.a(sm.o)
                0x000000000000c7ee                smProcessEncryptChange
 .text.smSendSMMsg
                0x000000000000c8e6       0x5c C:\Users\44826\Desktop\Broadcaster-CH592\Broadcaster-CH592\LIB\libCH59xBLE.a(sm.o)
                0x000000000000c8e6                smSendSMMsg
 .text.smSendFailAndEnd
                0x000000000000c942       0x38 C:\Users\44826\Desktop\Broadcaster-CH592\Broadcaster-CH592\LIB\libCH59xBLE.a(sm.o)
                0x000000000000c942                smSendFailAndEnd
 .text.smProcessPairingReq
                0x000000000000c97a       0x40 C:\Users\44826\Desktop\Broadcaster-CH592\Broadcaster-CH592\LIB\libCH59xBLE.a(sm.o)
                0x000000000000c97a                smProcessPairingReq
 .text.smSetPairingReqRsp
                0x000000000000c9ba       0x3c C:\Users\44826\Desktop\Broadcaster-CH592\Broadcaster-CH592\LIB\libCH59xBLE.a(sm.o)
                0x000000000000c9ba                smSetPairingReqRsp
 .text.SM_StartEncryption
                0x000000000000c9f6       0x1a C:\Users\44826\Desktop\Broadcaster-CH592\Broadcaster-CH592\LIB\libCH59xBLE.a(sm.o)
                0x000000000000c9f6                SM_StartEncryption
 .text.sm_dhkey
                0x000000000000ca10       0x3e C:\Users\44826\Desktop\Broadcaster-CH592\Broadcaster-CH592\LIB\libCH59xBLE.a(sm.o)
                0x000000000000ca10                sm_dhkey
 .text.sm_c1    0x000000000000ca4e       0xb4 C:\Users\44826\Desktop\Broadcaster-CH592\Broadcaster-CH592\LIB\libCH59xBLE.a(sm.o)
                0x000000000000ca4e                sm_c1
 .text.smDetermineKeySize
                0x000000000000cb02       0x20 C:\Users\44826\Desktop\Broadcaster-CH592\Broadcaster-CH592\LIB\libCH59xBLE.a(sm.o)
                0x000000000000cb02                smDetermineKeySize
 .text.smpParsePairingReq
                0x000000000000cb22      0x118 C:\Users\44826\Desktop\Broadcaster-CH592\Broadcaster-CH592\LIB\libCH59xBLE.a(sm.o)
                0x000000000000cb22                smpParsePairingReq
 .text.smpParseEncInfo
                0x000000000000cc3a       0x2a C:\Users\44826\Desktop\Broadcaster-CH592\Broadcaster-CH592\LIB\libCH59xBLE.a(sm.o)
                0x000000000000cc3a                smpParseEncInfo
 .text.smpParseIdentityAddrInfo
                0x000000000000cc64       0x34 C:\Users\44826\Desktop\Broadcaster-CH592\Broadcaster-CH592\LIB\libCH59xBLE.a(sm.o)
                0x000000000000cc64                smpParseIdentityAddrInfo
 .text.smpParseIdentityInfo
                0x000000000000cc98       0x2a C:\Users\44826\Desktop\Broadcaster-CH592\Broadcaster-CH592\LIB\libCH59xBLE.a(sm.o)
                0x000000000000cc98                smpParseIdentityInfo
 .text.smpParseMasterID
                0x000000000000ccc2       0x3c C:\Users\44826\Desktop\Broadcaster-CH592\Broadcaster-CH592\LIB\libCH59xBLE.a(sm.o)
                0x000000000000ccc2                smpParseMasterID
 .text.smpParsePairingConfirm
                0x000000000000ccfe       0x2a C:\Users\44826\Desktop\Broadcaster-CH592\Broadcaster-CH592\LIB\libCH59xBLE.a(sm.o)
                0x000000000000ccfe                smpParsePairingConfirm
 .text.smpParsePairingFailed
                0x000000000000cd28       0x1c C:\Users\44826\Desktop\Broadcaster-CH592\Broadcaster-CH592\LIB\libCH59xBLE.a(sm.o)
                0x000000000000cd28                smpParsePairingFailed
 .text.smpParsePairingRandom
                0x000000000000cd44       0x2a C:\Users\44826\Desktop\Broadcaster-CH592\Broadcaster-CH592\LIB\libCH59xBLE.a(sm.o)
                0x000000000000cd44                smpParsePairingRandom
 .text.smpParseSigningInfo
                0x000000000000cd6e       0x2a C:\Users\44826\Desktop\Broadcaster-CH592\Broadcaster-CH592\LIB\libCH59xBLE.a(sm.o)
                0x000000000000cd6e                smpParseSigningInfo
 .text.smpParsePairingPublicKey
                0x000000000000cd98       0x2c C:\Users\44826\Desktop\Broadcaster-CH592\Broadcaster-CH592\LIB\libCH59xBLE.a(sm.o)
                0x000000000000cd98                smpParsePairingPublicKey
 .text.smpParsePairingDHKeyCheck
                0x000000000000cdc4       0x2a C:\Users\44826\Desktop\Broadcaster-CH592\Broadcaster-CH592\LIB\libCH59xBLE.a(sm.o)
                0x000000000000cdc4                smpParsePairingDHKeyCheck
 .text.smProcessDataMsg
                0x000000000000cdee      0x104 C:\Users\44826\Desktop\Broadcaster-CH592\Broadcaster-CH592\LIB\libCH59xBLE.a(sm.o)
                0x000000000000cdee                smProcessDataMsg
 .text.smProcessTMOSMsg
                0x000000000000cef2      0x170 C:\Users\44826\Desktop\Broadcaster-CH592\Broadcaster-CH592\LIB\libCH59xBLE.a(sm.o)
                0x000000000000cef2                smProcessTMOSMsg
 .text.SM_CalcRandomAddr
                0x000000000000d062       0x54 C:\Users\44826\Desktop\Broadcaster-CH592\Broadcaster-CH592\LIB\libCH59xBLE.a(sm.o)
                0x000000000000d062                SM_CalcRandomAddr
 .text.SM_GenerateAuthenSig
                0x000000000000d0b6       0xe6 C:\Users\44826\Desktop\Broadcaster-CH592\Broadcaster-CH592\LIB\libCH59xBLE.a(sm.o)
                0x000000000000d0b6                SM_GenerateAuthenSig
 .text.SM_PasskeyUpdate
                0x000000000000d19c       0xe6 C:\Users\44826\Desktop\Broadcaster-CH592\Broadcaster-CH592\LIB\libCH59xBLE.a(sm.o)
                0x000000000000d19c                SM_PasskeyUpdate
 .text.SM_ResolveRandomAddrs
                0x000000000000d282       0x5e C:\Users\44826\Desktop\Broadcaster-CH592\Broadcaster-CH592\LIB\libCH59xBLE.a(sm.o)
                0x000000000000d282                SM_ResolveRandomAddrs
 .text.SM_StartPairing
                0x000000000000d2e0       0xc2 C:\Users\44826\Desktop\Broadcaster-CH592\Broadcaster-CH592\LIB\libCH59xBLE.a(sm.o)
                0x000000000000d2e0                SM_StartPairing
 .text.SM_VerifyAuthenSig
                0x000000000000d3a2      0x150 C:\Users\44826\Desktop\Broadcaster-CH592\Broadcaster-CH592\LIB\libCH59xBLE.a(sm.o)
                0x000000000000d3a2                SM_VerifyAuthenSig
 .text.SM_ProcessEvent
                0x000000000000d4f2       0xb4 C:\Users\44826\Desktop\Broadcaster-CH592\Broadcaster-CH592\LIB\libCH59xBLE.a(sm.o)
                0x000000000000d4f2                SM_ProcessEvent
 .text.SM_ParamInit
                0x000000000000d5a6       0x66 C:\Users\44826\Desktop\Broadcaster-CH592\Broadcaster-CH592\LIB\libCH59xBLE.a(sm.o)
                0x000000000000d5a6                SM_ParamInit
 .text.SM_InitiatorInit
                0x000000000000d60c       0x22 C:\Users\44826\Desktop\Broadcaster-CH592\Broadcaster-CH592\LIB\libCH59xBLE.a(sm.o)
                0x000000000000d60c                SM_InitiatorInit
 .text.SM_ResponderInit
                0x000000000000d62e       0x22 C:\Users\44826\Desktop\Broadcaster-CH592\Broadcaster-CH592\LIB\libCH59xBLE.a(sm.o)
                0x000000000000d62e                SM_ResponderInit
 .text.SM_Init  0x000000000000d650       0x2a C:\Users\44826\Desktop\Broadcaster-CH592\Broadcaster-CH592\LIB\libCH59xBLE.a(sm.o)
                0x000000000000d650                SM_Init
 .text.smpInitiatorProcessPairingRsp
                0x000000000000d67a      0x26e C:\Users\44826\Desktop\Broadcaster-CH592\Broadcaster-CH592\LIB\libCH59xBLE.a(sm_initiator.o)
                0x000000000000d67a                smpInitiatorProcessPairingRsp
 .text.smInitiatorSendNextKeyInfo
                0x000000000000d8e8      0x26e C:\Users\44826\Desktop\Broadcaster-CH592\Broadcaster-CH592\LIB\libCH59xBLE.a(sm_initiator.o)
                0x000000000000d8e8                smInitiatorSendNextKeyInfo
 .text.setupInitiatorKeys
                0x000000000000db56       0x88 C:\Users\44826\Desktop\Broadcaster-CH592\Broadcaster-CH592\LIB\libCH59xBLE.a(sm_initiator.o)
 .text.smpInitiatorProcessIncoming
                0x000000000000dbde      0x418 C:\Users\44826\Desktop\Broadcaster-CH592\Broadcaster-CH592\LIB\libCH59xBLE.a(sm_initiator.o)
                0x000000000000dbde                smpInitiatorProcessIncoming
 .text.smpBuildPairingReqRsp
                0x000000000000dff6       0xc6 C:\Users\44826\Desktop\Broadcaster-CH592\Broadcaster-CH592\LIB\libCH59xBLE.a(sm_pdu.o)
 .text.smpBuildPairingReq
                0x000000000000e0bc        0xa C:\Users\44826\Desktop\Broadcaster-CH592\Broadcaster-CH592\LIB\libCH59xBLE.a(sm_pdu.o)
                0x000000000000e0bc                smpBuildPairingReq
 .text.smpBuildPairingRsp
                0x000000000000e0c6        0xa C:\Users\44826\Desktop\Broadcaster-CH592\Broadcaster-CH592\LIB\libCH59xBLE.a(sm_pdu.o)
                0x000000000000e0c6                smpBuildPairingRsp
 .text.smpBuildPairingConfirm
                0x000000000000e0d0       0x30 C:\Users\44826\Desktop\Broadcaster-CH592\Broadcaster-CH592\LIB\libCH59xBLE.a(sm_pdu.o)
                0x000000000000e0d0                smpBuildPairingConfirm
 .text.smpBuildPairingRandom
                0x000000000000e100       0x30 C:\Users\44826\Desktop\Broadcaster-CH592\Broadcaster-CH592\LIB\libCH59xBLE.a(sm_pdu.o)
                0x000000000000e100                smpBuildPairingRandom
 .text.smpBuildEncInfo
                0x000000000000e130       0x30 C:\Users\44826\Desktop\Broadcaster-CH592\Broadcaster-CH592\LIB\libCH59xBLE.a(sm_pdu.o)
                0x000000000000e130                smpBuildEncInfo
 .text.smpBuildMasterID
                0x000000000000e160       0x44 C:\Users\44826\Desktop\Broadcaster-CH592\Broadcaster-CH592\LIB\libCH59xBLE.a(sm_pdu.o)
                0x000000000000e160                smpBuildMasterID
 .text.smpBuildIdentityInfo
                0x000000000000e1a4       0x30 C:\Users\44826\Desktop\Broadcaster-CH592\Broadcaster-CH592\LIB\libCH59xBLE.a(sm_pdu.o)
                0x000000000000e1a4                smpBuildIdentityInfo
 .text.smpBuildIdentityAddrInfo
                0x000000000000e1d4       0x3a C:\Users\44826\Desktop\Broadcaster-CH592\Broadcaster-CH592\LIB\libCH59xBLE.a(sm_pdu.o)
                0x000000000000e1d4                smpBuildIdentityAddrInfo
 .text.smpBuildSigningInfo
                0x000000000000e20e       0x30 C:\Users\44826\Desktop\Broadcaster-CH592\Broadcaster-CH592\LIB\libCH59xBLE.a(sm_pdu.o)
                0x000000000000e20e                smpBuildSigningInfo
 .text.smpBuildPublicKey
                0x000000000000e23e       0x32 C:\Users\44826\Desktop\Broadcaster-CH592\Broadcaster-CH592\LIB\libCH59xBLE.a(sm_pdu.o)
                0x000000000000e23e                smpBuildPublicKey
 .text.smpBuildDHKey
                0x000000000000e270       0x30 C:\Users\44826\Desktop\Broadcaster-CH592\Broadcaster-CH592\LIB\libCH59xBLE.a(sm_pdu.o)
                0x000000000000e270                smpBuildDHKey
 .text.smpBuildPairingFailed
                0x000000000000e2a0       0x1a C:\Users\44826\Desktop\Broadcaster-CH592\Broadcaster-CH592\LIB\libCH59xBLE.a(sm_pdu.o)
                0x000000000000e2a0                smpBuildPairingFailed
 .text.smGeneratePairingReq
                0x000000000000e2ba       0x30 C:\Users\44826\Desktop\Broadcaster-CH592\Broadcaster-CH592\LIB\libCH59xBLE.a(sm_pdu.o)
                0x000000000000e2ba                smGeneratePairingReq
 .text.smGeneratePairingRsp
                0x000000000000e2ea       0x30 C:\Users\44826\Desktop\Broadcaster-CH592\Broadcaster-CH592\LIB\libCH59xBLE.a(sm_pdu.o)
                0x000000000000e2ea                smGeneratePairingRsp
 .text.smGenerateConfirm
                0x000000000000e31a       0x34 C:\Users\44826\Desktop\Broadcaster-CH592\Broadcaster-CH592\LIB\libCH59xBLE.a(sm_pdu.o)
                0x000000000000e31a                smGenerateConfirm
 .text.smGenerateRandMsg
                0x000000000000e34e       0x34 C:\Users\44826\Desktop\Broadcaster-CH592\Broadcaster-CH592\LIB\libCH59xBLE.a(sm_pdu.o)
                0x000000000000e34e                smGenerateRandMsg
 .text.smGeneratePairingPublicKey
                0x000000000000e382       0x64 C:\Users\44826\Desktop\Broadcaster-CH592\Broadcaster-CH592\LIB\libCH59xBLE.a(sm_pdu.o)
                0x000000000000e382                smGeneratePairingPublicKey
 .text.smGeneratePairingDHKeyCheck
                0x000000000000e3e6      0x250 C:\Users\44826\Desktop\Broadcaster-CH592\Broadcaster-CH592\LIB\libCH59xBLE.a(sm_pdu.o)
                0x000000000000e3e6                smGeneratePairingDHKeyCheck
 .text.smPairingSendEncInfo
                0x000000000000e636       0x10 C:\Users\44826\Desktop\Broadcaster-CH592\Broadcaster-CH592\LIB\libCH59xBLE.a(sm_pdu.o)
                0x000000000000e636                smPairingSendEncInfo
 .text.smPairingSendIdentityAddrInfo
                0x000000000000e646       0x38 C:\Users\44826\Desktop\Broadcaster-CH592\Broadcaster-CH592\LIB\libCH59xBLE.a(sm_pdu.o)
                0x000000000000e646                smPairingSendIdentityAddrInfo
 .text.smPairingSendIdentityInfo
                0x000000000000e67e       0x10 C:\Users\44826\Desktop\Broadcaster-CH592\Broadcaster-CH592\LIB\libCH59xBLE.a(sm_pdu.o)
                0x000000000000e67e                smPairingSendIdentityInfo
 .text.smPairingSendMasterID
                0x000000000000e68e       0x38 C:\Users\44826\Desktop\Broadcaster-CH592\Broadcaster-CH592\LIB\libCH59xBLE.a(sm_pdu.o)
                0x000000000000e68e                smPairingSendMasterID
 .text.smPairingSendSingingInfo
                0x000000000000e6c6       0x10 C:\Users\44826\Desktop\Broadcaster-CH592\Broadcaster-CH592\LIB\libCH59xBLE.a(sm_pdu.o)
                0x000000000000e6c6                smPairingSendSingingInfo
 .text.smResponderSendNextKeyInfo
                0x000000000000e6d6      0x2e6 C:\Users\44826\Desktop\Broadcaster-CH592\Broadcaster-CH592\LIB\libCH59xBLE.a(sm_responding.o)